Archive member included to satisfy reference by file (symbol)

e:/s32ds/s32ds/build_tools/gcc_v10.2/gcc-10.2-arm32-eabi/bin/../lib/gcc/arm-none-eabi/10.2.0/../../../../arm-none-eabi/lib/thumb/v7e-m+fp/hard\libc_nano.a(lib_a-assert.o)
                              ./src/Components/Core/device.o (__assert_func)
e:/s32ds/s32ds/build_tools/gcc_v10.2/gcc-10.2-arm32-eabi/bin/../lib/gcc/arm-none-eabi/10.2.0/../../../../arm-none-eabi/lib/thumb/v7e-m+fp/hard\libc_nano.a(lib_a-errno.o)
                              ./src/legacy_stubs/sbrk.o (__errno)
e:/s32ds/s32ds/build_tools/gcc_v10.2/gcc-10.2-arm32-eabi/bin/../lib/gcc/arm-none-eabi/10.2.0/../../../../arm-none-eabi/lib/thumb/v7e-m+fp/hard\libc_nano.a(lib_a-fprintf.o)
                              e:/s32ds/s32ds/build_tools/gcc_v10.2/gcc-10.2-arm32-eabi/bin/../lib/gcc/arm-none-eabi/10.2.0/../../../../arm-none-eabi/lib/thumb/v7e-m+fp/hard\libc_nano.a(lib_a-assert.o) (fiprintf)
e:/s32ds/s32ds/build_tools/gcc_v10.2/gcc-10.2-arm32-eabi/bin/../lib/gcc/arm-none-eabi/10.2.0/../../../../arm-none-eabi/lib/thumb/v7e-m+fp/hard\libc_nano.a(lib_a-impure.o)
                              e:/s32ds/s32ds/build_tools/gcc_v10.2/gcc-10.2-arm32-eabi/bin/../lib/gcc/arm-none-eabi/10.2.0/../../../../arm-none-eabi/lib/thumb/v7e-m+fp/hard\libc_nano.a(lib_a-assert.o) (_impure_ptr)
e:/s32ds/s32ds/build_tools/gcc_v10.2/gcc-10.2-arm32-eabi/bin/../lib/gcc/arm-none-eabi/10.2.0/../../../../arm-none-eabi/lib/thumb/v7e-m+fp/hard\libc_nano.a(lib_a-malloc.o)
                              ./src/Components/Core/schedule_task/schedule.o (malloc)
e:/s32ds/s32ds/build_tools/gcc_v10.2/gcc-10.2-arm32-eabi/bin/../lib/gcc/arm-none-eabi/10.2.0/../../../../arm-none-eabi/lib/thumb/v7e-m+fp/hard\libc_nano.a(lib_a-memcmp.o)
                              ./src/Components/Driver/Ota/ota.o (memcmp)
e:/s32ds/s32ds/build_tools/gcc_v10.2/gcc-10.2-arm32-eabi/bin/../lib/gcc/arm-none-eabi/10.2.0/../../../../arm-none-eabi/lib/thumb/v7e-m+fp/hard\libc_nano.a(lib_a-memcpy-stub.o)
                              ./src/Components/Driver/Ota/ota.o (memcpy)
e:/s32ds/s32ds/build_tools/gcc_v10.2/gcc-10.2-arm32-eabi/bin/../lib/gcc/arm-none-eabi/10.2.0/../../../../arm-none-eabi/lib/thumb/v7e-m+fp/hard\libc_nano.a(lib_a-memmove.o)
                              ./RTD/src/Siul2_Port_Ip.o (memmove)
e:/s32ds/s32ds/build_tools/gcc_v10.2/gcc-10.2-arm32-eabi/bin/../lib/gcc/arm-none-eabi/10.2.0/../../../../arm-none-eabi/lib/thumb/v7e-m+fp/hard\libc_nano.a(lib_a-memset.o)
                              ./Project_Settings/Startup_Code/startup.o (memset)
e:/s32ds/s32ds/build_tools/gcc_v10.2/gcc-10.2-arm32-eabi/bin/../lib/gcc/arm-none-eabi/10.2.0/../../../../arm-none-eabi/lib/thumb/v7e-m+fp/hard\libc_nano.a(lib_a-nano-freer.o)
                              e:/s32ds/s32ds/build_tools/gcc_v10.2/gcc-10.2-arm32-eabi/bin/../lib/gcc/arm-none-eabi/10.2.0/../../../../arm-none-eabi/lib/thumb/v7e-m+fp/hard\libc_nano.a(lib_a-malloc.o) (_free_r)
e:/s32ds/s32ds/build_tools/gcc_v10.2/gcc-10.2-arm32-eabi/bin/../lib/gcc/arm-none-eabi/10.2.0/../../../../arm-none-eabi/lib/thumb/v7e-m+fp/hard\libc_nano.a(lib_a-nano-mallocr.o)
                              e:/s32ds/s32ds/build_tools/gcc_v10.2/gcc-10.2-arm32-eabi/bin/../lib/gcc/arm-none-eabi/10.2.0/../../../../arm-none-eabi/lib/thumb/v7e-m+fp/hard\libc_nano.a(lib_a-malloc.o) (_malloc_r)
e:/s32ds/s32ds/build_tools/gcc_v10.2/gcc-10.2-arm32-eabi/bin/../lib/gcc/arm-none-eabi/10.2.0/../../../../arm-none-eabi/lib/thumb/v7e-m+fp/hard\libc_nano.a(lib_a-nano-vfprintf.o)
                              e:/s32ds/s32ds/build_tools/gcc_v10.2/gcc-10.2-arm32-eabi/bin/../lib/gcc/arm-none-eabi/10.2.0/../../../../arm-none-eabi/lib/thumb/v7e-m+fp/hard\libc_nano.a(lib_a-fprintf.o) (_vfprintf_r)
e:/s32ds/s32ds/build_tools/gcc_v10.2/gcc-10.2-arm32-eabi/bin/../lib/gcc/arm-none-eabi/10.2.0/../../../../arm-none-eabi/lib/thumb/v7e-m+fp/hard\libc_nano.a(lib_a-printf.o)
                              ./src/Components/Core/device.o (printf)
e:/s32ds/s32ds/build_tools/gcc_v10.2/gcc-10.2-arm32-eabi/bin/../lib/gcc/arm-none-eabi/10.2.0/../../../../arm-none-eabi/lib/thumb/v7e-m+fp/hard\libc_nano.a(lib_a-puts.o)
                              ./src/SJA1110_APP.o (puts)
e:/s32ds/s32ds/build_tools/gcc_v10.2/gcc-10.2-arm32-eabi/bin/../lib/gcc/arm-none-eabi/10.2.0/../../../../arm-none-eabi/lib/thumb/v7e-m+fp/hard\libc_nano.a(lib_a-sbrkr.o)
                              e:/s32ds/s32ds/build_tools/gcc_v10.2/gcc-10.2-arm32-eabi/bin/../lib/gcc/arm-none-eabi/10.2.0/../../../../arm-none-eabi/lib/thumb/v7e-m+fp/hard\libc_nano.a(lib_a-nano-mallocr.o) (_sbrk_r)
e:/s32ds/s32ds/build_tools/gcc_v10.2/gcc-10.2-arm32-eabi/bin/../lib/gcc/arm-none-eabi/10.2.0/../../../../arm-none-eabi/lib/thumb/v7e-m+fp/hard\libc_nano.a(lib_a-snprintf.o)
                              ./src/Components/Driver/Ota/ota.o (snprintf)
[...]
Memory Configuration

Name             Origin             Length             Attributes
int_flash_c0     0x00400000         0x00100000
sja1110_BINARY   0x00500000         0x00100000         r
int_flash_c1     0x00600000         0x001d4000
int_itcm         0x00000000         0x00008000
int_dtcm         0x20000000         0x0000f000
int_stack_dtcm   0x2000f000         0x00001000
int_sram_c0      0x20400000         0x00017f00
int_sram_fls_rsv_c0 0x20417f00         0x00000100
int_sram_no_cacheable_c0 0x20418000         0x00008000
ram_end_c0       0x20420000         0x00000000
int_sram_c1      0x20420000         0x0000ff00
int_sram_fls_rsv_c1 0x2042ff00         0x00000100
int_sram_no_cacheable_c1 0x20430000         0x00010000
ram_end_c1       0x20440000         0x00000000
int_sram_shareable 0x20440000         0x00004000
ram_rsvd2        0x20444000         0x00000000
*default*        0x00000000         0xffffffff

Linker script and memory map

LOAD ./Project_Settings/Startup_Code/Vector_Table.o
LOAD ./Project_Settings/Startup_Code/exceptions.o
LOAD ./Project_Settings/Startup_Code/nvic.o
LOAD ./Project_Settings/Startup_Code/startup.o
LOAD ./Project_Settings/Startup_Code/startup_cm7.o
LOAD ./Project_Settings/Startup_Code/system.o
LOAD ./RTD/src/Axbs_Ip.o
LOAD ./RTD/src/CDD_Rm.o
LOAD ./RTD/src/CDD_Rm_Ipw.o
LOAD ./RTD/src/Clock_Ip.o
LOAD ./RTD/src/Clock_Ip_Data.o
LOAD ./RTD/src/Clock_Ip_Divider.o
LOAD ./RTD/src/Clock_Ip_DividerTrigger.o
LOAD ./RTD/src/Clock_Ip_ExtOsc.o
LOAD ./RTD/src/Clock_Ip_FracDiv.o
LOAD ./RTD/src/Clock_Ip_Frequency.o
LOAD ./RTD/src/Clock_Ip_Gate.o
LOAD ./RTD/src/Clock_Ip_IntOsc.o
LOAD ./RTD/src/Clock_Ip_Irq.o
LOAD ./RTD/src/Clock_Ip_Monitor.o
LOAD ./RTD/src/Clock_Ip_Pll.o
LOAD ./RTD/src/Clock_Ip_ProgFreqSwitch.o
LOAD ./RTD/src/Clock_Ip_Selector.o
LOAD ./RTD/src/Clock_Ip_Specific.o
LOAD ./RTD/src/Det.o
LOAD ./RTD/src/Det_stub.o
LOAD ./RTD/src/Dma_Ip.o
LOAD ./RTD/src/Dma_Ip_Driver_State.o
LOAD ./RTD/src/Dma_Ip_Hw_Access.o
LOAD ./RTD/src/Dma_Ip_Irq.o
LOAD ./RTD/src/Dma_Ip_Multicore.o
LOAD ./RTD/src/Dma_Mux_Ip.o
LOAD ./RTD/src/Igf_Port_Ip.o
LOAD ./RTD/src/IntCtrl_Ip.o
LOAD ./RTD/src/Lin_Ip_Common.o
LOAD ./RTD/src/Lpspi_Ip.o
LOAD ./RTD/src/Lpspi_Ip_Irq.o
LOAD ./RTD/src/Lpuart_Lin_Ip.o
LOAD ./RTD/src/Lpuart_Lin_Ip_Hw_Access.o
LOAD ./RTD/src/Lpuart_Lin_Ip_Irq.o
LOAD ./RTD/src/Mscm_Ip.o
LOAD ./RTD/src/OsIf_Interrupts.o
LOAD ./RTD/src/OsIf_Timer.o
LOAD ./RTD/src/OsIf_Timer_System.o
LOAD ./RTD/src/OsIf_Timer_System_Internal_Systick.o
LOAD ./RTD/src/Pflash_Ip.o
LOAD ./RTD/src/Pit_Ip.o
LOAD ./RTD/src/SchM_Dio.o
LOAD ./RTD/src/SchM_Gpt.o
LOAD ./RTD/src/SchM_Lin_43_LPUART_FLEXIO.o
LOAD ./RTD/src/SchM_Mcl.o
LOAD ./RTD/src/SchM_Mcu.o
LOAD ./RTD/src/SchM_Port.o
LOAD ./RTD/src/SchM_Rm.o
LOAD ./RTD/src/SchM_Spi.o
LOAD ./RTD/src/Sema42_Ip.o
LOAD ./RTD/src/Siul2_Dio_Ip.o
LOAD ./RTD/src/Siul2_Port_Ip.o
LOAD ./RTD/src/Tspc_Port_Ip.o
LOAD ./RTD/src/Virt_Wrapper_Ip.o
LOAD ./RTD/src/Xbic_Ip.o
LOAD ./RTD/src/Xrdc_Ip.o
LOAD ./board/Siul2_Port_Ip_Cfg.o
LOAD ./board/Tspc_Port_Ip_Cfg.o
LOAD ./generate/src/Axbs_Ip_PBcfg.o
LOAD ./generate/src/CDD_Rm_Cfg.o
LOAD ./generate/src/CDD_Rm_Ipw_PBcfg.o
LOAD ./generate/src/CDD_Rm_PBcfg.o
LOAD ./generate/src/Clock_Ip_Cfg.o
LOAD ./generate/src/Dma_Ip_Cfg.o
LOAD ./generate/src/Dma_Ip_PBcfg.o
LOAD ./generate/src/Dma_Mux_Ip_PBcfg.o
LOAD ./generate/src/Igf_Port_Ip_Cfg.o
LOAD ./generate/src/IntCtrl_Ip_Cfg.o
LOAD ./generate/src/Lpspi_Ip_Sa_PBcfg.o
LOAD ./generate/src/Lpuart_Lin_Ip_Sa_PBcfg.o
LOAD ./generate/src/Mscm_Ip_PBcfg.o
LOAD ./generate/src/OsIf_Cfg.o
LOAD ./generate/src/Pflash_Ip_Cfg.o
LOAD ./generate/src/Pflash_Ip_PBcfg.o
LOAD ./generate/src/Pit_Ip_PBcfg.o
LOAD ./generate/src/Virt_Wrapper_Ip_PBcfg.o
LOAD ./generate/src/Xbic_Ip_PBcfg.o
LOAD ./generate/src/Xrdc_Ip_Cfg.o
LOAD ./generate/src/Xrdc_Ip_PBcfg.o
LOAD ./src/Components/BSP/board.o
LOAD ./src/Components/Core/device.o
LOAD ./src/Components/Core/rcpbuild/rcp_build.o
LOAD ./src/Components/Core/receive_task/dispose_rcp.o
LOAD ./src/Components/Core/receive_task/receive_task.o
LOAD ./src/Components/Core/schedule_task/schedule.o
LOAD ./src/Components/Core/schedule_task/schedule_algo.o
LOAD ./src/Components/Core/send_task/send_task.o
LOAD ./src/Components/Driver/Ota/ota.o
LOAD ./src/Components/Lib/bitmap/bitmap.o
LOAD ./src/Components/Lib/log/log.o
LOAD ./src/Components/Lib/md5/md5.o
LOAD ./src/Components/Lib/md5/platform_util.o
LOAD ./src/Components/Lib/ringbuffer/ringbuffer.o
LOAD ./src/Cpu0_Main.o
LOAD ./src/SJA1110_APP.o
LOAD ./src/SJA1110_SPI.o
LOAD ./src/main.o
LOAD ./src/legacy_stubs/sbrk.o
LOAD ./src/legacy_stubs/tc387_stub.o
LOAD e:/s32ds/s32ds/build_tools/gcc_v10.2/gcc-10.2-arm32-eabi/bin/../lib/gcc/arm-none-eabi/10.2.0/../../../../arm-none-eabi/lib/thumb/v7e-m+fp/hard\libc_nano.a
LOAD e:/s32ds/s32ds/build_tools/gcc_v10.2/gcc-10.2-arm32-eabi/bin/../lib/gcc/arm-none-eabi/10.2.0/../../../../arm-none-eabi/lib/thumb/v7e-m+fp/hard\libm.a
LOAD e:/s32ds/s32ds/build_tools/gcc_v10.2/gcc-10.2-arm32-eabi/bin/../lib/gcc/arm-none-eabi/10.2.0/thumb/v7e-m+fp/hard\libgcc.a
START GROUP
LOAD e:/s32ds/s32ds/build_tools/gcc_v10.2/gcc-10.2-arm32-eabi/bin/../lib/gcc/arm-none-eabi/10.2.0/thumb/v7e-m+fp/hard\libgcc.a
LOAD e:/s32ds/s32ds/build_tools/gcc_v10.2/gcc-10.2-arm32-eabi/bin/../lib/gcc/arm-none-eabi/10.2.0/../../../../arm-none-eabi/lib/thumb/v7e-m+fp/hard\libg_nano.a
LOAD e:/s32ds/s32ds/build_tools/gcc_v10.2/gcc-10.2-arm32-eabi/bin/../lib/gcc/arm-none-eabi/10.2.0/../../../../arm-none-eabi/lib/thumb/v7e-m+fp/hard\libc_nano.a
END GROUP
START GROUP
LOAD e:/s32ds/s32ds/build_tools/gcc_v10.2/gcc-10.2-arm32-eabi/bin/../lib/gcc/arm-none-eabi/10.2.0/thumb/v7e-m+fp/hard\libgcc.a
LOAD e:/s32ds/s32ds/build_tools/gcc_v10.2/gcc-10.2-arm32-eabi/bin/../lib/gcc/arm-none-eabi/10.2.0/../../../../arm-none-eabi/lib/thumb/v7e-m+fp/hard\libc_nano.a
LOAD e:/s32ds/s32ds/build_tools/gcc_v10.2/gcc-10.2-arm32-eabi/bin/../lib/gcc/arm-none-eabi/10.2.0/../../../../arm-none-eabi/lib/thumb/v7e-m+fp/hard\libnosys.a
END GROUP
START GROUP
LOAD e:/s32ds/s32ds/build_tools/gcc_v10.2/gcc-10.2-arm32-eabi/bin/../lib/gcc/arm-none-eabi/10.2.0/thumb/v7e-m+fp/hard\libgcc.a
LOAD e:/s32ds/s32ds/build_tools/gcc_v10.2/gcc-10.2-arm32-eabi/bin/../lib/gcc/arm-none-eabi/10.2.0/../../../../arm-none-eabi/lib/thumb/v7e-m+fp/hard\libc_nano.a
LOAD e:/s32ds/s32ds/build_tools/gcc_v10.2/gcc-10.2-arm32-eabi/bin/../lib/gcc/arm-none-eabi/10.2.0/../../../../arm-none-eabi/lib/thumb/v7e-m+fp/hard\libnosys.a
END GROUP
                0x00001000                HEAP_SIZE = DEFINED (__heap_size__)?__heap_size__:0x1000
TARGET(binary)
LOAD D:\s32k_workspace\S32K324_SPI_DMA_SJA1110_Load_firmware_M7_0\flash_image.bin

.sja1110_bin    0x00500000     0x9800
                0x00500000                . = ALIGN (0x4)
                0x00500000                __sja1110_bin_start__ = .
 D:\s32k_workspace\S32K324_SPI_DMA_SJA1110_Load_firmware_M7_0\flash_image.bin(.data)
 .data          0x00500000     0x9800 D:\s32k_workspace\S32K324_SPI_DMA_SJA1110_Load_firmware_M7_0\flash_image.bin
                0x00500000                _binary_D__s32k_workspace_S32K324_SPI_DMA_SJA1110_Load_firmware_M7_0_flash_image_bin_start
                0x00509800                _binary_D__s32k_workspace_S32K324_SPI_DMA_SJA1110_Load_firmware_M7_0_flash_image_bin_end
                0x00509800                . = ALIGN (0x4)
                0x00509800                __sja1110_bin_end__ = .
                0x00500000                __sja1110_BIN_START = ORIGIN (sja1110_BINARY)
                0x00009800                __sja1110_BIN_SIZE = (__sja1110_bin_end__ - __sja1110_bin_start__)

.igot.plt       0x00509800        0x0
 .igot.plt      0x00509800        0x0 ./Project_Settings/Startup_Code/Vector_Table.o

.flash          0x00400000    0x13e50
 *(.boot_header)
 .boot_header   0x00400000       0x30 ./Project_Settings/Startup_Code/startup_cm7.o
                0x00400800                . = ALIGN (0x800)
 *fill*         0x00400030      0x7d0 
                0x00400800                __text_start = .
                0x00400800                __interrupts_init_start = .
 *(.intc_vector)
 .intc_vector   0x00400800      0x408 ./Project_Settings/Startup_Code/Vector_Table.o
                0x00400800                VTABLE
                0x00400c08                . = ALIGN (0x4)
                0x00400c08                __interrupts_init_end = .
 *(.core_loop)
 .core_loop     0x00400c08        0xc ./Project_Settings/Startup_Code/startup_cm7.o
                0x00400c08                _core_loop
                0x00400c14                . = ALIGN (0x4)
 *(.startup)
 *fill*         0x00400c14        0xc 
 .startup       0x00400c20      0x1cc ./Project_Settings/Startup_Code/startup_cm7.o
                0x00400c20                Reset_Handler
                0x00400c20                _start
                0x00400d7a                MCAL_LTB_TRACE_OFF
                0x00400d7c                _end_of_eunit_test
                0x00400dec                . = ALIGN (0x4)
 *(.text.startup)
 .text.startup  0x00400dec       0x34 ./src/main.o
                0x00400dec                main
                0x00400e20                . = ALIGN (0x4)
 *(.text)
 .text          0x00400e20        0x0 ./Project_Settings/Startup_Code/Vector_Table.o
 .text          0x00400e20        0x0 ./Project_Settings/Startup_Code/exceptions.o
 .text          0x00400e20        0x0 ./Project_Settings/Startup_Code/nvic.o
 .text          0x00400e20        0x0 ./Project_Settings/Startup_Code/startup.o
 .text          0x00400e20        0x0 ./Project_Settings/Startup_Code/startup_cm7.o
 .text          0x00400e20       0x10 ./Project_Settings/Startup_Code/system.o
                0x00400e20                Sys_GetCoreID
 .text          0x00400e30        0x0 ./RTD/src/Axbs_Ip.o
 .text          0x00400e30        0x0 ./RTD/src/CDD_Rm.o
 .text          0x00400e30        0x0 ./RTD/src/CDD_Rm_Ipw.o
 .text          0x00400e30        0x0 ./RTD/src/Clock_Ip.o
 .text          0x00400e30        0x0 ./RTD/src/Clock_Ip_Data.o
 .text          0x00400e30        0x0 ./RTD/src/Clock_Ip_Divider.o
 .text          0x00400e30        0x0 ./RTD/src/Clock_Ip_DividerTrigger.o
 .text          0x00400e30        0x0 ./RTD/src/Clock_Ip_ExtOsc.o
 .text          0x00400e30        0x0 ./RTD/src/Clock_Ip_FracDiv.o
 .text          0x00400e30        0x0 ./RTD/src/Clock_Ip_Frequency.o
 .text          0x00400e30        0x0 ./RTD/src/Clock_Ip_Gate.o
 .text          0x00400e30        0x0 ./RTD/src/Clock_Ip_IntOsc.o
 .text          0x00400e30        0x0 ./RTD/src/Clock_Ip_Irq.o
 .text          0x00400e30        0x0 ./RTD/src/Clock_Ip_Monitor.o
 .text          0x00400e30        0x0 ./RTD/src/Clock_Ip_Pll.o
 .text          0x00400e30        0x0 ./RTD/src/Clock_Ip_ProgFreqSwitch.o
 .text          0x00400e30        0x0 ./RTD/src/Clock_Ip_Selector.o
 .text          0x00400e30        0x0 ./RTD/src/Clock_Ip_Specific.o
 .text          0x00400e30        0x0 ./RTD/src/Det.o
 .text          0x00400e30        0x0 ./RTD/src/Det_stub.o
 .text          0x00400e30        0x0 ./RTD/src/Dma_Ip.o
 .text          0x00400e30        0x0 ./RTD/src/Dma_Ip_Driver_State.o
 .text          0x00400e30        0x0 ./RTD/src/Dma_Ip_Hw_Access.o
 .text          0x00400e30        0x0 ./RTD/src/Dma_Ip_Irq.o
 .text          0x00400e30        0x0 ./RTD/src/Dma_Ip_Multicore.o
 .text          0x00400e30        0x0 ./RTD/src/Dma_Mux_Ip.o
 .text          0x00400e30        0x0 ./RTD/src/Igf_Port_Ip.o
 .text          0x00400e30       0x14 ./RTD/src/IntCtrl_Ip.o
 .text          0x00400e44        0x0 ./RTD/src/Lin_Ip_Common.o
 .text          0x00400e44       0x14 ./RTD/src/Lpspi_Ip.o
 .text          0x00400e58        0x0 ./RTD/src/Lpspi_Ip_Irq.o
 .text          0x00400e58        0x0 ./RTD/src/Lpuart_Lin_Ip.o
 .text          0x00400e58        0x0 ./RTD/src/Lpuart_Lin_Ip_Hw_Access.o
 .text          0x00400e58        0x0 ./RTD/src/Lpuart_Lin_Ip_Irq.o
 .text          0x00400e58        0x0 ./RTD/src/Mscm_Ip.o
 .text          0x00400e58        0x0 ./RTD/src/OsIf_Interrupts.o
 .text          0x00400e58        0x0 ./RTD/src/OsIf_Timer.o
 .text          0x00400e58        0x0 ./RTD/src/OsIf_Timer_System.o
 .text          0x00400e58        0x0 ./RTD/src/OsIf_Timer_System_Internal_Systick.o
 .text          0x00400e58        0x0 ./RTD/src/Pflash_Ip.o
 .text          0x00400e58        0x0 ./RTD/src/Pit_Ip.o
 .text          0x00400e58        0x6 ./RTD/src/SchM_Dio.o
                0x00400e58                Dio_schm_read_msr
 .text          0x00400e5e        0x6 ./RTD/src/SchM_Gpt.o
                0x00400e5e                Gpt_schm_read_msr
 .text          0x00400e64        0x6 ./RTD/src/SchM_Lin_43_LPUART_FLEXIO.o
                0x00400e64                Lin_schm_read_msr
 .text          0x00400e6a        0x6 ./RTD/src/SchM_Mcl.o
                0x00400e6a                Mcl_schm_read_msr
 .text          0x00400e70        0x6 ./RTD/src/SchM_Mcu.o
                0x00400e70                Mcu_schm_read_msr
 .text          0x00400e76        0x6 ./RTD/src/SchM_Port.o
                0x00400e76                Port_schm_read_msr
 .text          0x00400e7c        0x6 ./RTD/src/SchM_Rm.o
                0x00400e7c                Rm_schm_read_msr
 .text          0x00400e82        0x6 ./RTD/src/SchM_Spi.o
                0x00400e82                Spi_schm_read_msr
 .text          0x00400e88        0x0 ./RTD/src/Sema42_Ip.o
 .text          0x00400e88       0x14 ./RTD/src/Siul2_Dio_Ip.o
 .text          0x00400e9c       0x14 ./RTD/src/Siul2_Port_Ip.o
 .text          0x00400eb0        0x0 ./RTD/src/Tspc_Port_Ip.o
 .text          0x00400eb0        0x0 ./RTD/src/Virt_Wrapper_Ip.o
 .text          0x00400eb0        0x0 ./RTD/src/Xbic_Ip.o
 .text          0x00400eb0        0x0 ./RTD/src/Xrdc_Ip.o
 .text          0x00400eb0        0x0 ./board/Siul2_Port_Ip_Cfg.o
 .text          0x00400eb0        0x0 ./board/Tspc_Port_Ip_Cfg.o
 .text          0x00400eb0        0x0 ./generate/src/Axbs_Ip_PBcfg.o
 .text          0x00400eb0        0x0 ./generate/src/CDD_Rm_Cfg.o
 .text          0x00400eb0        0x0 ./generate/src/CDD_Rm_Ipw_PBcfg.o
 .text          0x00400eb0        0x0 ./generate/src/CDD_Rm_PBcfg.o
 .text          0x00400eb0        0x0 ./generate/src/Clock_Ip_Cfg.o
 .text          0x00400eb0        0x0 ./generate/src/Dma_Ip_Cfg.o
 .text          0x00400eb0        0x0 ./generate/src/Dma_Ip_PBcfg.o
 .text          0x00400eb0        0x0 ./generate/src/Dma_Mux_Ip_PBcfg.o
 .text          0x00400eb0        0x0 ./generate/src/Igf_Port_Ip_Cfg.o
 .text          0x00400eb0        0x0 ./generate/src/IntCtrl_Ip_Cfg.o
 .text          0x00400eb0        0x0 ./generate/src/Lpspi_Ip_Sa_PBcfg.o
 .text          0x00400eb0        0x0 ./generate/src/Lpuart_Lin_Ip_Sa_PBcfg.o
 .text          0x00400eb0        0x0 ./generate/src/Mscm_Ip_PBcfg.o
 .text          0x00400eb0        0x0 ./generate/src/OsIf_Cfg.o
 .text          0x00400eb0        0x0 ./generate/src/Pflash_Ip_Cfg.o
 .text          0x00400eb0        0x0 ./generate/src/Pflash_Ip_PBcfg.o
 .text          0x00400eb0        0x0 ./generate/src/Pit_Ip_PBcfg.o
 .text          0x00400eb0        0x0 ./generate/src/Virt_Wrapper_Ip_PBcfg.o
 .text          0x00400eb0        0x0 ./generate/src/Xbic_Ip_PBcfg.o
 .text          0x00400eb0        0x0 ./generate/src/Xrdc_Ip_Cfg.o
 .text          0x00400eb0        0x0 ./generate/src/Xrdc_Ip_PBcfg.o
 .text          0x00400eb0       0x28 ./src/Components/BSP/board.o
                0x00400eb0                lock
                0x00400eb6                unlock
                0x00400ebc                wait_for_core0_done
                0x00400ecc                set_core0_status
 .text          0x00400ed8      0x324 ./src/Components/Core/device.o
                0x00400ed8                device_find
                0x00400f08                match_device
                0x00400f3c                device_register
                0x00400f80                device_unregister
                0x00400fb0                device_init
                0x00400ffc                device_open
                0x004010bc                device_close
                0x0040110c                device_read
                0x00401148                device_write
                0x00401184                device_control
                0x004011b4                device_set_rx_indicate
                0x004011d8                device_set_tx_complete
 .text          0x004011fc        0x4 ./src/Components/Core/rcpbuild/rcp_build.o
                0x004011fc                rcp_build_message
 .text          0x00401200        0xc ./src/Components/Core/receive_task/dispose_rcp.o
                0x00401200                dispose_rcp
 .text          0x0040120c       0x30 ./src/Components/Core/receive_task/receive_task.o
                0x0040120c                get_rx_ring
                0x00401218                creat_rx_ring
                0x0040122c                receive_task
 .text          0x0040123c      0x2f0 ./src/Components/Core/schedule_task/schedule.o
                0x004012a8                main_schedule
 .text          0x0040152c        0x2 ./src/Components/Core/schedule_task/schedule_algo.o
                0x0040152c                process_schedule
 *fill*         0x0040152e        0x2 
 .text          0x00401530      0x174 ./src/Components/Core/send_task/send_task.o
                0x0040157e                get_tx_ring
                0x00401588                creat_tx_ring
                0x0040159c                send_task
                0x00401624                core2_send_task
 .text          0x004016a4      0x4bc ./src/Components/Driver/Ota/ota.o
                0x004016cc                ota_init
                0x004016ec                ota_open
                0x0040175c                ota_control
                0x004017ec                ota_encode
                0x0040182c                ota_read
                0x00401990                ota_write
                0x00401ab0                get_earse_flag
                0x00401abc                set_earse_flag
                0x00401ac8                hw_ota_find
                0x00401ad0                ota_close
                0x00401ad4                hw_ota_register
                0x00401b10                hw_ota_init
 .text          0x00401b60      0x15c ./src/Components/Lib/bitmap/bitmap.o
                0x00401b60                bitmap_init
                0x00401b82                bitmap_set
                0x00401bb8                bitmap_clear
                0x00401bf0                bitmap_test
                0x00401c26                bitmap_find_first_zero
                0x00401c72                bitmap_find_first_bit
 .text          0x00401cbc       0x58 ./src/Components/Lib/log/log.o
                0x00401cbc                log_output
 .text          0x00401d14      0x8d8 ./src/Components/Lib/md5/md5.o
                0x00401d14                mbedtls_md5_init
                0x00401d1c                mbedtls_md5_free
                0x00401d26                mbedtls_md5_clone
                0x00401d30                mbedtls_md5_starts
                0x00401d5c                mbedtls_internal_md5_process
                0x00402494                mbedtls_md5_update
                0x0040250e                mbedtls_md5_finish
                0x0040258e                mbedtls_md5
 .text          0x004025ec       0x2c ./src/Components/Lib/md5/platform_util.o
                0x004025ec                mbedtls_platform_zeroize
                0x00402604                mbedtls_zeroize_and_free
 .text          0x00402618      0x508 ./src/Components/Lib/ringbuffer/ringbuffer.o
                0x00402654                ringbuffer_init
                0x00402690                ringbuffer_reset
                0x004026b4                ringbuffer_putchar_force
                0x0040272c                ringbuffer_data_len
                0x00402774                ringbuffer_put
                0x00402804                ringbuffer_put_force
                0x004028dc                ringbuffer_putchar
                0x0040293c                ringbuffer_get
                0x004029c8                ringbuffer_peek
                0x00402a28                ringbuffer_getchar
                0x00402a84                ringbuffer_create
                0x00402ae8                ringbuffer_destroy
 .text          0x00402b20       0x10 ./src/Cpu0_Main.o
                0x00402b20                core0_main
 .text          0x00402b30      0x104 ./src/SJA1110_APP.o
                0x00402b30                SJA1110_SDL_Boot
 .text          0x00402c34      0x154 ./src/SJA1110_SPI.o
                0x00402c34                SPI_Callback
                0x00402c36                SJA1110_SPI_Init
                0x00402c50                SJA1110_100BASE_T1_Status_Read
                0x00402c74                SJA1110_100BASE_T1_Status_Details
                0x00402cd4                SJA1110_SDL_Send_Payload
 .text          0x00402d88      0x25c ./src/main.o
                0x00402d88                SPI_Test_Callback
                0x00402d9c                DevAssert_local
                0x00402dae                PitNotification
                0x00402db0                Siul2Callback
                0x00402db2                AutobaudCallback
                0x00402db4                FlexioSlaveCallback
                0x00402db6                LpuartSlaveCallback
                0x00402e10                delay_dummy
                0x00402e28                SPI_Polling_Test_NoDMA
                0x00402e9c                SPI_DMA_Test_Async
                0x00402f30                LIN_Slave_Test
                0x00402f74                BSP_Init
 .text          0x00402fe4       0x38 ./src/legacy_stubs/sbrk.o
                0x00402fe4                _sbrk
 .text          0x0040301c       0xa0 ./src/legacy_stubs/tc387_stub.o
                0x0040301c                initProgramFlash
                0x00403020                send_ota_response
                0x00403024                getUdpPcbConfig
                0x0040302c                hw_net_init
                0x0040302e                hw_net_find
                0x00403032                hw_can_init
                0x00403034                get_can_frame
                0x00403038                get_lin_frame
                0x0040303c                ifindex_find_hwcan
                0x00403040                channel_find_hwcan
                0x00403044                get_next_can_frame_buffer
                0x00403048                can_frame_write_done
                0x0040304a                put_next_can_frame_buffer
                0x0040304e                can_frame_read_done
                0x00403050                can_default_cfg
                0x00403052                init_CAN_PHY
                0x00403054                IfxScuRcu_configureResetRequestTrigger
                0x00403056                IfxPort_setPinMode
                0x00403058                IfxPort_setPinPadDriver
                0x0040305a                IfxPort_setPinHigh
                0x0040305c                IfxPort_setPinLow
                0x0040305e                IfxStdIf_DPipe_write
                0x00403060                IfxStdIf_DPipe_read
                0x00403064                Ifx_Console_init
                0x00403066                Ifx_Shell_init
                0x00403068                Ifx_Shell_process
                0x0040306a                GTM_TOM_FAN_Init
                0x0040306c                GTM_TOM_FAN_SetSpeed
                0x0040306e                SPI_init
                0x00403070                StandBy_Conf_Init
                0x00403072                TLF35584_init
                0x00403074                Ifx__imaskldmst
                0x00403078                transmitMsg
                0x0040307c                configCanNode
                0x0040308c                mbedtls_platform_gmtime_r
                0x00403090                mbedtls_free
                0x00403094                mbedtls_mutex_lock
                0x00403098                mbedtls_mutex_unlock
                0x0040309c                writeProgramFlash
                0x0040309e                swap_bank
                0x004030a2                test_and_set_STOA
                0x004030a6                init_Mcmcan_module
                0x004030a8                switchCanNode
                0x004030b6                get_sync_timestamp
 .text          0x004030bc        0x0 e:/s32ds/s32ds/build_tools/gcc_v10.2/gcc-10.2-arm32-eabi/bin/../lib/gcc/arm-none-eabi/10.2.0/../../../../arm-none-eabi/lib/thumb/v7e-m+fp/hard\libc_nano.a(lib_a-assert.o)
 .text          0x004030bc        0x0 e:/s32ds/s32ds/build_tools/gcc_v10.2/gcc-10.2-arm32-eabi/bin/../lib/gcc/arm-none-eabi/10.2.0/../../../../arm-none-eabi/lib/thumb/v7e-m+fp/hard\libc_nano.a(lib_a-errno.o)
 .text          0x004030bc        0x0 e:/s32ds/s32ds/build_tools/gcc_v10.2/gcc-10.2-arm32-eabi/bin/../lib/gcc/arm-none-eabi/10.2.0/../../../../arm-none-eabi/lib/thumb/v7e-m+fp/hard\libc_nano.a(lib_a-fprintf.o)
 .text          0x004030bc        0x0 e:/s32ds/s32ds/build_tools/gcc_v10.2/gcc-10.2-arm32-eabi/bin/../lib/gcc/arm-none-eabi/10.2.0/../../../../arm-none-eabi/lib/thumb/v7e-m+fp/hard\libc_nano.a(lib_a-impure.o)
 .text          0x004030bc        0x0 e:/s32ds/s32ds/build_tools/gcc_v10.2/gcc-10.2-arm32-eabi/bin/../lib/gcc/arm-none-eabi/10.2.0/../../../../arm-none-eabi/lib/thumb/v7e-m+fp/hard\libc_nano.a(lib_a-malloc.o)
 .text          0x004030bc        0x0 e:/s32ds/s32ds/build_tools/gcc_v10.2/gcc-10.2-arm32-eabi/bin/../lib/gcc/arm-none-eabi/10.2.0/../../../../arm-none-eabi/lib/thumb/v7e-m+fp/hard\libc_nano.a(lib_a-memcmp.o)
 .text          0x004030bc        0x0 e:/s32ds/s32ds/build_tools/gcc_v10.2/gcc-10.2-arm32-eabi/bin/../lib/gcc/arm-none-eabi/10.2.0/../../../../arm-none-eabi/lib/thumb/v7e-m+fp/hard\libc_nano.a(lib_a-memcpy-stub.o)
 .text          0x004030bc        0x0 e:/s32ds/s32ds/build_tools/gcc_v10.2/gcc-10.2-arm32-eabi/bin/../lib/gcc/arm-none-eabi/10.2.0/../../../../arm-none-eabi/lib/thumb/v7e-m+fp/hard\libc_nano.a(lib_a-memmove.o)
 .text          0x004030bc        0x0 e:/s32ds/s32ds/build_tools/gcc_v10.2/gcc-10.2-arm32-eabi/bin/../lib/gcc/arm-none-eabi/10.2.0/../../../../arm-none-eabi/lib/thumb/v7e-m+fp/hard\libc_nano.a(lib_a-memset.o)
 .text          0x004030bc        0x0 e:/s32ds/s32ds/build_tools/gcc_v10.2/gcc-10.2-arm32-eabi/bin/../lib/gcc/arm-none-eabi/10.2.0/../../../../arm-none-eabi/lib/thumb/v7e-m+fp/hard\libc_nano.a(lib_a-nano-freer.o)
 .text          0x004030bc        0x0 e:/s32ds/s32ds/build_tools/gcc_v10.2/gcc-10.2-arm32-eabi/bin/../lib/gcc/arm-none-eabi/10.2.0/../../../../arm-none-eabi/lib/thumb/v7e-m+fp/hard\libc_nano.a(lib_a-nano-mallocr.o)
 .text          0x004030bc        0x0 e:/s32ds/s32ds/build_tools/gcc_v10.2/gcc-10.2-arm32-eabi/bin/../lib/gcc/arm-none-eabi/10.2.0/../../../../arm-none-eabi/lib/thumb/v7e-m+fp/hard\libc_nano.a(lib_a-nano-vfprintf.o)
 .text          0x004030bc        0x0 e:/s32ds/s32ds/build_tools/gcc_v10.2/gcc-10.2-arm32-eabi/bin/../lib/gcc/arm-none-eabi/10.2.0/../../../../arm-none-eabi/lib/thumb/v7e-m+fp/hard\libc_nano.a(lib_a-printf.o)
 .text          0x004030bc        0x0 e:/s32ds/s32ds/build_tools/gcc_v10.2/gcc-10.2-arm32-eabi/bin/../lib/gcc/arm-none-eabi/10.2.0/../../../../arm-none-eabi/lib/thumb/v7e-m+fp/hard\libc_nano.a(lib_a-puts.o)
 .text          0x004030bc        0x0 e:/s32ds/s32ds/build_tools/gcc_v10.2/gcc-10.2-arm32-eabi/bin/../lib/gcc/arm-none-eabi/10.2.0/../../../../arm-none-eabi/lib/thumb/v7e-m+fp/hard\libc_nano.a(lib_a-sbrkr.o)
 .text          0x004030bc        0x0 e:/s32ds/s32ds/build_tools/gcc_v10.2/gcc-10.2-arm32-eabi/bin/../lib/gcc/arm-none-eabi/10.2.0/../../../../arm-none-eabi/lib/thumb/v7e-m+fp/hard\libc_nano.a(lib_a-snprintf.o)
 .text          0x004030bc        0x0 e:/s32ds/s32ds/build_tools/gcc_v10.2/gcc-10.2-arm32-eabi/bin/../lib/gcc/arm-none-eabi/10.2.0/../../../../arm-none-eabi/lib/thumb/v7e-m+fp/hard\libc_nano.a(lib_a-strncmp.o)
 .text          0x004030bc        0x0 e:/s32ds/s32ds/build_tools/gcc_v10.2/gcc-10.2-arm32-eabi/bin/../lib/gcc/arm-none-eabi/10.2.0/../../../../arm-none-eabi/lib/thumb/v7e-m+fp/hard\libc_nano.a(lib_a-strncpy.o)
 .text          0x004030bc        0x0 e:/s32ds/s32ds/build_tools/gcc_v10.2/gcc-10.2-arm32-eabi/bin/../lib/gcc/arm-none-eabi/10.2.0/../../../../arm-none-eabi/lib/thumb/v7e-m+fp/hard\libc_nano.a(lib_a-vprintf.o)
 .text          0x004030bc        0x0 e:/s32ds/s32ds/build_tools/gcc_v10.2/gcc-10.2-arm32-eabi/bin/../lib/gcc/arm-none-eabi/10.2.0/../../../../arm-none-eabi/lib/thumb/v7e-m+fp/hard\libc_nano.a(lib_a-wbuf.o)
 .text          0x004030bc        0x0 e:/s32ds/s32ds/build_tools/gcc_v10.2/gcc-10.2-arm32-eabi/bin/../lib/gcc/arm-none-eabi/10.2.0/../../../../arm-none-eabi/lib/thumb/v7e-m+fp/hard\libc_nano.a(lib_a-wsetup.o)
 .text          0x004030bc        0x0 e:/s32ds/s32ds/build_tools/gcc_v10.2/gcc-10.2-arm32-eabi/bin/../lib/gcc/arm-none-eabi/10.2.0/../../../../arm-none-eabi/lib/thumb/v7e-m+fp/hard\libc_nano.a(lib_a-abort.o)
 .text          0x004030bc        0x0 e:/s32ds/s32ds/build_tools/gcc_v10.2/gcc-10.2-arm32-eabi/bin/../lib/gcc/arm-none-eabi/10.2.0/../../../../arm-none-eabi/lib/thumb/v7e-m+fp/hard\libc_nano.a(lib_a-fflush.o)
 .text          0x004030bc        0x0 e:/s32ds/s32ds/build_tools/gcc_v10.2/gcc-10.2-arm32-eabi/bin/../lib/gcc/arm-none-eabi/10.2.0/../../../../arm-none-eabi/lib/thumb/v7e-m+fp/hard\libc_nano.a(lib_a-findfp.o)
 .text          0x004030bc        0x0 e:/s32ds/s32ds/build_tools/gcc_v10.2/gcc-10.2-arm32-eabi/bin/../lib/gcc/arm-none-eabi/10.2.0/../../../../arm-none-eabi/lib/thumb/v7e-m+fp/hard\libc_nano.a(lib_a-fvwrite.o)
 .text          0x004030bc        0x0 e:/s32ds/s32ds/build_tools/gcc_v10.2/gcc-10.2-arm32-eabi/bin/../lib/gcc/arm-none-eabi/10.2.0/../../../../arm-none-eabi/lib/thumb/v7e-m+fp/hard\libc_nano.a(lib_a-fwalk.o)
 .text          0x004030bc        0x0 e:/s32ds/s32ds/build_tools/gcc_v10.2/gcc-10.2-arm32-eabi/bin/../lib/gcc/arm-none-eabi/10.2.0/../../../../arm-none-eabi/lib/thumb/v7e-m+fp/hard\libc_nano.a(lib_a-makebuf.o)
 *fill*         0x004030bc        0x4 
 .text          0x004030c0       0xa0 e:/s32ds/s32ds/build_tools/gcc_v10.2/gcc-10.2-arm32-eabi/bin/../lib/gcc/arm-none-eabi/10.2.0/../../../../arm-none-eabi/lib/thumb/v7e-m+fp/hard\libc_nano.a(lib_a-memchr.o)
                0x004030c0                memchr
 .text          0x00403160        0x0 e:/s32ds/s32ds/build_tools/gcc_v10.2/gcc-10.2-arm32-eabi/bin/../lib/gcc/arm-none-eabi/10.2.0/../../../../arm-none-eabi/lib/thumb/v7e-m+fp/hard\libc_nano.a(lib_a-mlock.o)
 .text          0x00403160        0x0 e:/s32ds/s32ds/build_tools/gcc_v10.2/gcc-10.2-arm32-eabi/bin/../lib/gcc/arm-none-eabi/10.2.0/../../../../arm-none-eabi/lib/thumb/v7e-m+fp/hard\libc_nano.a(lib_a-nano-reallocr.o)
 .text          0x00403160        0x0 e:/s32ds/s32ds/build_tools/gcc_v10.2/gcc-10.2-arm32-eabi/bin/../lib/gcc/arm-none-eabi/10.2.0/../../../../arm-none-eabi/lib/thumb/v7e-m+fp/hard\libc_nano.a(lib_a-nano-svfprintf.o)
 .text          0x00403160        0x0 e:/s32ds/s32ds/build_tools/gcc_v10.2/gcc-10.2-arm32-eabi/bin/../lib/gcc/arm-none-eabi/10.2.0/../../../../arm-none-eabi/lib/thumb/v7e-m+fp/hard\libc_nano.a(lib_a-nano-vfprintf_i.o)
 .text          0x00403160        0x0 e:/s32ds/s32ds/build_tools/gcc_v10.2/gcc-10.2-arm32-eabi/bin/../lib/gcc/arm-none-eabi/10.2.0/../../../../arm-none-eabi/lib/thumb/v7e-m+fp/hard\libc_nano.a(lib_a-reent.o)
 .text          0x00403160        0x0 e:/s32ds/s32ds/build_tools/gcc_v10.2/gcc-10.2-arm32-eabi/bin/../lib/gcc/arm-none-eabi/10.2.0/../../../../arm-none-eabi/lib/thumb/v7e-m+fp/hard\libc_nano.a(lib_a-signal.o)
 .text          0x00403160        0x0 e:/s32ds/s32ds/build_tools/gcc_v10.2/gcc-10.2-arm32-eabi/bin/../lib/gcc/arm-none-eabi/10.2.0/../../../../arm-none-eabi/lib/thumb/v7e-m+fp/hard\libc_nano.a(lib_a-signalr.o)
 .text          0x00403160        0x0 e:/s32ds/s32ds/build_tools/gcc_v10.2/gcc-10.2-arm32-eabi/bin/../lib/gcc/arm-none-eabi/10.2.0/../../../../arm-none-eabi/lib/thumb/v7e-m+fp/hard\libc_nano.a(lib_a-stdio.o)
 .text          0x00403160        0x0 e:/s32ds/s32ds/build_tools/gcc_v10.2/gcc-10.2-arm32-eabi/bin/../lib/gcc/arm-none-eabi/10.2.0/../../../../arm-none-eabi/lib/thumb/v7e-m+fp/hard\libc_nano.a(lib_a-writer.o)
 .text          0x00403160        0x0 e:/s32ds/s32ds/build_tools/gcc_v10.2/gcc-10.2-arm32-eabi/bin/../lib/gcc/arm-none-eabi/10.2.0/../../../../arm-none-eabi/lib/thumb/v7e-m+fp/hard\libc_nano.a(lib_a-closer.o)
 .text          0x00403160        0x0 e:/s32ds/s32ds/build_tools/gcc_v10.2/gcc-10.2-arm32-eabi/bin/../lib/gcc/arm-none-eabi/10.2.0/../../../../arm-none-eabi/lib/thumb/v7e-m+fp/hard\libc_nano.a(lib_a-fstatr.o)
 .text          0x00403160        0x0 e:/s32ds/s32ds/build_tools/gcc_v10.2/gcc-10.2-arm32-eabi/bin/../lib/gcc/arm-none-eabi/10.2.0/../../../../arm-none-eabi/lib/thumb/v7e-m+fp/hard\libc_nano.a(lib_a-isattyr.o)
 .text          0x00403160        0x0 e:/s32ds/s32ds/build_tools/gcc_v10.2/gcc-10.2-arm32-eabi/bin/../lib/gcc/arm-none-eabi/10.2.0/../../../../arm-none-eabi/lib/thumb/v7e-m+fp/hard\libc_nano.a(lib_a-lseekr.o)
 .text          0x00403160        0x0 e:/s32ds/s32ds/build_tools/gcc_v10.2/gcc-10.2-arm32-eabi/bin/../lib/gcc/arm-none-eabi/10.2.0/../../../../arm-none-eabi/lib/thumb/v7e-m+fp/hard\libc_nano.a(lib_a-nano-msizer.o)
 .text          0x00403160        0x0 e:/s32ds/s32ds/build_tools/gcc_v10.2/gcc-10.2-arm32-eabi/bin/../lib/gcc/arm-none-eabi/10.2.0/../../../../arm-none-eabi/lib/thumb/v7e-m+fp/hard\libc_nano.a(lib_a-readr.o)
 .text          0x00403160        0x0 e:/s32ds/s32ds/build_tools/gcc_v10.2/gcc-10.2-arm32-eabi/bin/../lib/gcc/arm-none-eabi/10.2.0/../../../../arm-none-eabi/lib/thumb/v7e-m+fp/hard\libnosys.a(close.o)
 .text          0x00403160        0x0 e:/s32ds/s32ds/build_tools/gcc_v10.2/gcc-10.2-arm32-eabi/bin/../lib/gcc/arm-none-eabi/10.2.0/../../../../arm-none-eabi/lib/thumb/v7e-m+fp/hard\libnosys.a(fstat.o)
 .text          0x00403160        0x0 e:/s32ds/s32ds/build_tools/gcc_v10.2/gcc-10.2-arm32-eabi/bin/../lib/gcc/arm-none-eabi/10.2.0/../../../../arm-none-eabi/lib/thumb/v7e-m+fp/hard\libnosys.a(getpid.o)
 .text          0x00403160        0x0 e:/s32ds/s32ds/build_tools/gcc_v10.2/gcc-10.2-arm32-eabi/bin/../lib/gcc/arm-none-eabi/10.2.0/../../../../arm-none-eabi/lib/thumb/v7e-m+fp/hard\libnosys.a(isatty.o)
 .text          0x00403160        0x0 e:/s32ds/s32ds/build_tools/gcc_v10.2/gcc-10.2-arm32-eabi/bin/../lib/gcc/arm-none-eabi/10.2.0/../../../../arm-none-eabi/lib/thumb/v7e-m+fp/hard\libnosys.a(kill.o)
 .text          0x00403160        0x0 e:/s32ds/s32ds/build_tools/gcc_v10.2/gcc-10.2-arm32-eabi/bin/../lib/gcc/arm-none-eabi/10.2.0/../../../../arm-none-eabi/lib/thumb/v7e-m+fp/hard\libnosys.a(lseek.o)
 .text          0x00403160        0x0 e:/s32ds/s32ds/build_tools/gcc_v10.2/gcc-10.2-arm32-eabi/bin/../lib/gcc/arm-none-eabi/10.2.0/../../../../arm-none-eabi/lib/thumb/v7e-m+fp/hard\libnosys.a(read.o)
 .text          0x00403160        0x0 e:/s32ds/s32ds/build_tools/gcc_v10.2/gcc-10.2-arm32-eabi/bin/../lib/gcc/arm-none-eabi/10.2.0/../../../../arm-none-eabi/lib/thumb/v7e-m+fp/hard\libnosys.a(write.o)
 .text          0x00403160        0x0 e:/s32ds/s32ds/build_tools/gcc_v10.2/gcc-10.2-arm32-eabi/bin/../lib/gcc/arm-none-eabi/10.2.0/../../../../arm-none-eabi/lib/thumb/v7e-m+fp/hard\libnosys.a(_exit.o)
 *(.text*)
 .text.__assert_func
                0x00403160       0x3c e:/s32ds/s32ds/build_tools/gcc_v10.2/gcc-10.2-arm32-eabi/bin/../lib/gcc/arm-none-eabi/10.2.0/../../../../arm-none-eabi/lib/thumb/v7e-m+fp/hard\libc_nano.a(lib_a-assert.o)
                0x00403160                __assert_func
 .text.__assert
                0x0040319c        0xa e:/s32ds/s32ds/build_tools/gcc_v10.2/gcc-10.2-arm32-eabi/bin/../lib/gcc/arm-none-eabi/10.2.0/../../../../arm-none-eabi/lib/thumb/v7e-m+fp/hard\libc_nano.a(lib_a-assert.o)
                0x0040319c                __assert
 *fill*         0x004031a6        0x2 
 .text.__errno  0x004031a8        0xc e:/s32ds/s32ds/build_tools/gcc_v10.2/gcc-10.2-arm32-eabi/bin/../lib/gcc/arm-none-eabi/10.2.0/../../../../arm-none-eabi/lib/thumb/v7e-m+fp/hard\libc_nano.a(lib_a-errno.o)
                0x004031a8                __errno
 .text._fprintf_r
                0x004031b4       0x1a e:/s32ds/s32ds/build_tools/gcc_v10.2/gcc-10.2-arm32-eabi/bin/../lib/gcc/arm-none-eabi/10.2.0/../../../../arm-none-eabi/lib/thumb/v7e-m+fp/hard\libc_nano.a(lib_a-fprintf.o)
                0x004031b4                _fiprintf_r
                0x004031b4                _fprintf_r
 *fill*         0x004031ce        0x2 
 .text.fprintf  0x004031d0       0x24 e:/s32ds/s32ds/build_tools/gcc_v10.2/gcc-10.2-arm32-eabi/bin/../lib/gcc/arm-none-eabi/10.2.0/../../../../arm-none-eabi/lib/thumb/v7e-m+fp/hard\libc_nano.a(lib_a-fprintf.o)
                0x004031d0                fiprintf
                0x004031d0                fprintf
 .text.malloc   0x004031f4       0x10 e:/s32ds/s32ds/build_tools/gcc_v10.2/gcc-10.2-arm32-eabi/bin/../lib/gcc/arm-none-eabi/10.2.0/../../../../arm-none-eabi/lib/thumb/v7e-m+fp/hard\libc_nano.a(lib_a-malloc.o)
                0x004031f4                malloc
 .text.free     0x00403204       0x10 e:/s32ds/s32ds/build_tools/gcc_v10.2/gcc-10.2-arm32-eabi/bin/../lib/gcc/arm-none-eabi/10.2.0/../../../../arm-none-eabi/lib/thumb/v7e-m+fp/hard\libc_nano.a(lib_a-malloc.o)
                0x00403204                free
 .text.memcmp   0x00403214       0x20 e:/s32ds/s32ds/build_tools/gcc_v10.2/gcc-10.2-arm32-eabi/bin/../lib/gcc/arm-none-eabi/10.2.0/../../../../arm-none-eabi/lib/thumb/v7e-m+fp/hard\libc_nano.a(lib_a-memcmp.o)
                0x00403214                memcmp
 .text.memcpy   0x00403234       0x1c e:/s32ds/s32ds/build_tools/gcc_v10.2/gcc-10.2-arm32-eabi/bin/../lib/gcc/arm-none-eabi/10.2.0/../../../../arm-none-eabi/lib/thumb/v7e-m+fp/hard\libc_nano.a(lib_a-memcpy-stub.o)
                0x00403234                memcpy
 .text.memmove  0x00403250       0x34 e:/s32ds/s32ds/build_tools/gcc_v10.2/gcc-10.2-arm32-eabi/bin/../lib/gcc/arm-none-eabi/10.2.0/../../../../arm-none-eabi/lib/thumb/v7e-m+fp/hard\libc_nano.a(lib_a-memmove.o)
                0x00403250                memmove
 .text.memset   0x00403284       0x10 e:/s32ds/s32ds/build_tools/gcc_v10.2/gcc-10.2-arm32-eabi/bin/../lib/gcc/arm-none-eabi/10.2.0/../../../../arm-none-eabi/lib/thumb/v7e-m+fp/hard\libc_nano.a(lib_a-memset.o)
                0x00403284                memset
 .text._free_r  0x00403294       0x98 e:/s32ds/s32ds/build_tools/gcc_v10.2/gcc-10.2-arm32-eabi/bin/../lib/gcc/arm-none-eabi/10.2.0/../../../../arm-none-eabi/lib/thumb/v7e-m+fp/hard\libc_nano.a(lib_a-nano-freer.o)
                0x00403294                _free_r
 .text._malloc_r
                0x0040332c       0xb4 e:/s32ds/s32ds/build_tools/gcc_v10.2/gcc-10.2-arm32-eabi/bin/../lib/gcc/arm-none-eabi/10.2.0/../../../../arm-none-eabi/lib/thumb/v7e-m+fp/hard\libc_nano.a(lib_a-nano-mallocr.o)
                0x0040332c                _malloc_r
 .text.__sfputc_r
                0x004033e0       0x2e e:/s32ds/s32ds/build_tools/gcc_v10.2/gcc-10.2-arm32-eabi/bin/../lib/gcc/arm-none-eabi/10.2.0/../../../../arm-none-eabi/lib/thumb/v7e-m+fp/hard\libc_nano.a(lib_a-nano-vfprintf.o)
 .text.__sfputs_r
                0x0040340e       0x24 e:/s32ds/s32ds/build_tools/gcc_v10.2/gcc-10.2-arm32-eabi/bin/../lib/gcc/arm-none-eabi/10.2.0/../../../../arm-none-eabi/lib/thumb/v7e-m+fp/hard\libc_nano.a(lib_a-nano-vfprintf.o)
                0x0040340e                __sfputs_r
 .text.__sprint_r
                0x00403432       0x1a e:/s32ds/s32ds/build_tools/gcc_v10.2/gcc-10.2-arm32-eabi/bin/../lib/gcc/arm-none-eabi/10.2.0/../../../../arm-none-eabi/lib/thumb/v7e-m+fp/hard\libc_nano.a(lib_a-nano-vfprintf.o)
                0x00403432                __sprint_r
 .text._vfprintf_r
                0x0040344c      0x22c e:/s32ds/s32ds/build_tools/gcc_v10.2/gcc-10.2-arm32-eabi/bin/../lib/gcc/arm-none-eabi/10.2.0/../../../../arm-none-eabi/lib/thumb/v7e-m+fp/hard\libc_nano.a(lib_a-nano-vfprintf.o)
                0x0040344c                _vfprintf_r
                0x0040344c                _vfiprintf_r
 .text.vfprintf
                0x00403678       0x14 e:/s32ds/s32ds/build_tools/gcc_v10.2/gcc-10.2-arm32-eabi/bin/../lib/gcc/arm-none-eabi/10.2.0/../../../../arm-none-eabi/lib/thumb/v7e-m+fp/hard\libc_nano.a(lib_a-nano-vfprintf.o)
                0x00403678                vfprintf
                0x00403678                vfiprintf
 .text._printf_r
                0x0040368c       0x28 e:/s32ds/s32ds/build_tools/gcc_v10.2/gcc-10.2-arm32-eabi/bin/../lib/gcc/arm-none-eabi/10.2.0/../../../../arm-none-eabi/lib/thumb/v7e-m+fp/hard\libc_nano.a(lib_a-printf.o)
                0x0040368c                _iprintf_r
                0x0040368c                _printf_r
 .text.printf   0x004036b4       0x30 e:/s32ds/s32ds/build_tools/gcc_v10.2/gcc-10.2-arm32-eabi/bin/../lib/gcc/arm-none-eabi/10.2.0/../../../../arm-none-eabi/lib/thumb/v7e-m+fp/hard\libc_nano.a(lib_a-printf.o)
                0x004036b4                iprintf
                0x004036b4                printf
 .text._puts_r  0x004036e4       0xb8 e:/s32ds/s32ds/build_tools/gcc_v10.2/gcc-10.2-arm32-eabi/bin/../lib/gcc/arm-none-eabi/10.2.0/../../../../arm-none-eabi/lib/thumb/v7e-m+fp/hard\libc_nano.a(lib_a-puts.o)
                0x004036e4                _puts_r
 .text.puts     0x0040379c       0x10 e:/s32ds/s32ds/build_tools/gcc_v10.2/gcc-10.2-arm32-eabi/bin/../lib/gcc/arm-none-eabi/10.2.0/../../../../arm-none-eabi/lib/thumb/v7e-m+fp/hard\libc_nano.a(lib_a-puts.o)
                0x0040379c                puts
 .text._sbrk_r  0x004037ac       0x20 e:/s32ds/s32ds/build_tools/gcc_v10.2/gcc-10.2-arm32-eabi/bin/../lib/gcc/arm-none-eabi/10.2.0/../../../../arm-none-eabi/lib/thumb/v7e-m+fp/hard\libc_nano.a(lib_a-sbrkr.o)
                0x004037ac                _sbrk_r
 .text._snprintf_r
                0x004037cc       0x5e e:/s32ds/s32ds/build_tools/gcc_v10.2/gcc-10.2-arm32-eabi/bin/../lib/gcc/arm-none-eabi/10.2.0/../../../../arm-none-eabi/lib/thumb/v7e-m+fp/hard\libc_nano.a(lib_a-snprintf.o)
                0x004037cc                _snprintf_r
                0x004037cc                _sniprintf_r
 *fill*         0x0040382a        0x2 
 .text.snprintf
                0x0040382c       0x68 e:/s32ds/s32ds/build_tools/gcc_v10.2/gcc-10.2-arm32-eabi/bin/../lib/gcc/arm-none-eabi/10.2.0/../../../../arm-none-eabi/lib/thumb/v7e-m+fp/hard\libc_nano.a(lib_a-snprintf.o)
                0x0040382c                sniprintf
                0x0040382c                snprintf
 .text.strncmp  0x00403894       0x28 e:/s32ds/s32ds/build_tools/gcc_v10.2/gcc-10.2-arm32-eabi/bin/../lib/gcc/arm-none-eabi/10.2.0/../../../../arm-none-eabi/lib/thumb/v7e-m+fp/hard\libc_nano.a(lib_a-strncmp.o)
                0x00403894                strncmp
 .text.strncpy  0x004038bc       0x26 e:/s32ds/s32ds/build_tools/gcc_v10.2/gcc-10.2-arm32-eabi/bin/../lib/gcc/arm-none-eabi/10.2.0/../../../../arm-none-eabi/lib/thumb/v7e-m+fp/hard\libc_nano.a(lib_a-strncpy.o)
                0x004038bc                strncpy
 *fill*         0x004038e2        0x2 
 .text.vprintf  0x004038e4       0x30 e:/s32ds/s32ds/build_tools/gcc_v10.2/gcc-10.2-arm32-eabi/bin/../lib/gcc/arm-none-eabi/10.2.0/../../../../arm-none-eabi/lib/thumb/v7e-m+fp/hard\libc_nano.a(lib_a-vprintf.o)
                0x004038e4                viprintf
                0x004038e4                vprintf
 .text._vprintf_r
                0x00403914       0x26 e:/s32ds/s32ds/build_tools/gcc_v10.2/gcc-10.2-arm32-eabi/bin/../lib/gcc/arm-none-eabi/10.2.0/../../../../arm-none-eabi/lib/thumb/v7e-m+fp/hard\libc_nano.a(lib_a-vprintf.o)
                0x00403914                _vprintf_r
                0x00403914                _viprintf_r
 *fill*         0x0040393a        0x2 
 .text.__swbuf_r
                0x0040393c       0xa4 e:/s32ds/s32ds/build_tools/gcc_v10.2/gcc-10.2-arm32-eabi/bin/../lib/gcc/arm-none-eabi/10.2.0/../../../../arm-none-eabi/lib/thumb/v7e-m+fp/hard\libc_nano.a(lib_a-wbuf.o)
                0x0040393c                __swbuf_r
 .text.__swbuf  0x004039e0       0x10 e:/s32ds/s32ds/build_tools/gcc_v10.2/gcc-10.2-arm32-eabi/bin/../lib/gcc/arm-none-eabi/10.2.0/../../../../arm-none-eabi/lib/thumb/v7e-m+fp/hard\libc_nano.a(lib_a-wbuf.o)
                0x004039e0                __swbuf
 .text.__swsetup_r
                0x004039f0       0xdc e:/s32ds/s32ds/build_tools/gcc_v10.2/gcc-10.2-arm32-eabi/bin/../lib/gcc/arm-none-eabi/10.2.0/../../../../arm-none-eabi/lib/thumb/v7e-m+fp/hard\libc_nano.a(lib_a-wsetup.o)
                0x004039f0                __swsetup_r
 .text.abort    0x00403acc        0xe e:/s32ds/s32ds/build_tools/gcc_v10.2/gcc-10.2-arm32-eabi/bin/../lib/gcc/arm-none-eabi/10.2.0/../../../../arm-none-eabi/lib/thumb/v7e-m+fp/hard\libc_nano.a(lib_a-abort.o)
                0x00403acc                abort
 *fill*         0x00403ada        0x2 
 .text.__sflush_r
                0x00403adc      0x10c e:/s32ds/s32ds/build_tools/gcc_v10.2/gcc-10.2-arm32-eabi/bin/../lib/gcc/arm-none-eabi/10.2.0/../../../../arm-none-eabi/lib/thumb/v7e-m+fp/hard\libc_nano.a(lib_a-fflush.o)
                0x00403adc                __sflush_r
 .text._fflush_r
                0x00403be8       0x54 e:/s32ds/s32ds/build_tools/gcc_v10.2/gcc-10.2-arm32-eabi/bin/../lib/gcc/arm-none-eabi/10.2.0/../../../../arm-none-eabi/lib/thumb/v7e-m+fp/hard\libc_nano.a(lib_a-fflush.o)
                0x00403be8                _fflush_r
 .text.fflush   0x00403c3c       0x24 e:/s32ds/s32ds/build_tools/gcc_v10.2/gcc-10.2-arm32-eabi/bin/../lib/gcc/arm-none-eabi/10.2.0/../../../../arm-none-eabi/lib/thumb/v7e-m+fp/hard\libc_nano.a(lib_a-fflush.o)
                0x00403c3c                fflush
 .text.std      0x00403c60       0x48 e:/s32ds/s32ds/build_tools/gcc_v10.2/gcc-10.2-arm32-eabi/bin/../lib/gcc/arm-none-eabi/10.2.0/../../../../arm-none-eabi/lib/thumb/v7e-m+fp/hard\libc_nano.a(lib_a-findfp.o)
 .text._cleanup_r
                0x00403ca8        0xc e:/s32ds/s32ds/build_tools/gcc_v10.2/gcc-10.2-arm32-eabi/bin/../lib/gcc/arm-none-eabi/10.2.0/../../../../arm-none-eabi/lib/thumb/v7e-m+fp/hard\libc_nano.a(lib_a-findfp.o)
                0x00403ca8                _cleanup_r
 .text.__sfmoreglue
                0x00403cb4       0x2c e:/s32ds/s32ds/build_tools/gcc_v10.2/gcc-10.2-arm32-eabi/bin/../lib/gcc/arm-none-eabi/10.2.0/../../../../arm-none-eabi/lib/thumb/v7e-m+fp/hard\libc_nano.a(lib_a-findfp.o)
                0x00403cb4                __sfmoreglue
 .text._cleanup
                0x00403ce0        0xc e:/s32ds/s32ds/build_tools/gcc_v10.2/gcc-10.2-arm32-eabi/bin/../lib/gcc/arm-none-eabi/10.2.0/../../../../arm-none-eabi/lib/thumb/v7e-m+fp/hard\libc_nano.a(lib_a-findfp.o)
                0x00403ce0                _cleanup
 .text.__sinit  0x00403cec       0x60 e:/s32ds/s32ds/build_tools/gcc_v10.2/gcc-10.2-arm32-eabi/bin/../lib/gcc/arm-none-eabi/10.2.0/../../../../arm-none-eabi/lib/thumb/v7e-m+fp/hard\libc_nano.a(lib_a-findfp.o)
                0x00403cec                __sinit
 .text.__sfp    0x00403d4c       0x78 e:/s32ds/s32ds/build_tools/gcc_v10.2/gcc-10.2-arm32-eabi/bin/../lib/gcc/arm-none-eabi/10.2.0/../../../../arm-none-eabi/lib/thumb/v7e-m+fp/hard\libc_nano.a(lib_a-findfp.o)
                0x00403d4c                __sfp
 .text.__sfvwrite_r
                0x00403dc4      0x294 e:/s32ds/s32ds/build_tools/gcc_v10.2/gcc-10.2-arm32-eabi/bin/../lib/gcc/arm-none-eabi/10.2.0/../../../../arm-none-eabi/lib/thumb/v7e-m+fp/hard\libc_nano.a(lib_a-fvwrite.o)
                0x00403dc4                __sfvwrite_r
 .text._fwalk   0x00404058       0x3a e:/s32ds/s32ds/build_tools/gcc_v10.2/gcc-10.2-arm32-eabi/bin/../lib/gcc/arm-none-eabi/10.2.0/../../../../arm-none-eabi/lib/thumb/v7e-m+fp/hard\libc_nano.a(lib_a-fwalk.o)
                0x00404058                _fwalk
 .text._fwalk_reent
                0x00404092       0x3e e:/s32ds/s32ds/build_tools/gcc_v10.2/gcc-10.2-arm32-eabi/bin/../lib/gcc/arm-none-eabi/10.2.0/../../../../arm-none-eabi/lib/thumb/v7e-m+fp/hard\libc_nano.a(lib_a-fwalk.o)
                0x00404092                _fwalk_reent
 .text.__swhatbuf_r
                0x004040d0       0x4a e:/s32ds/s32ds/build_tools/gcc_v10.2/gcc-10.2-arm32-eabi/bin/../lib/gcc/arm-none-eabi/10.2.0/../../../../arm-none-eabi/lib/thumb/v7e-m+fp/hard\libc_nano.a(lib_a-makebuf.o)
                0x004040d0                __swhatbuf_r
 *fill*         0x0040411a        0x2 
 .text.__smakebuf_r
                0x0040411c       0x80 e:/s32ds/s32ds/build_tools/gcc_v10.2/gcc-10.2-arm32-eabi/bin/../lib/gcc/arm-none-eabi/10.2.0/../../../../arm-none-eabi/lib/thumb/v7e-m+fp/hard\libc_nano.a(lib_a-makebuf.o)
                0x0040411c                __smakebuf_r
 .text.__malloc_lock
                0x0040419c        0x2 e:/s32ds/s32ds/build_tools/gcc_v10.2/gcc-10.2-arm32-eabi/bin/../lib/gcc/arm-none-eabi/10.2.0/../../../../arm-none-eabi/lib/thumb/v7e-m+fp/hard\libc_nano.a(lib_a-mlock.o)
                0x0040419c                __malloc_lock
 .text.__malloc_unlock
                0x0040419e        0x2 e:/s32ds/s32ds/build_tools/gcc_v10.2/gcc-10.2-arm32-eabi/bin/../lib/gcc/arm-none-eabi/10.2.0/../../../../arm-none-eabi/lib/thumb/v7e-m+fp/hard\libc_nano.a(lib_a-mlock.o)
                0x0040419e                __malloc_unlock
 .text._realloc_r
                0x004041a0       0x4c e:/s32ds/s32ds/build_tools/gcc_v10.2/gcc-10.2-arm32-eabi/bin/../lib/gcc/arm-none-eabi/10.2.0/../../../../arm-none-eabi/lib/thumb/v7e-m+fp/hard\libc_nano.a(lib_a-nano-reallocr.o)
                0x004041a0                _realloc_r
 .text.__ssputs_r
                0x004041ec       0xb6 e:/s32ds/s32ds/build_tools/gcc_v10.2/gcc-10.2-arm32-eabi/bin/../lib/gcc/arm-none-eabi/10.2.0/../../../../arm-none-eabi/lib/thumb/v7e-m+fp/hard\libc_nano.a(lib_a-nano-svfprintf.o)
                0x004041ec                __ssputs_r
 .text.__ssprint_r
                0x004042a2       0xf6 e:/s32ds/s32ds/build_tools/gcc_v10.2/gcc-10.2-arm32-eabi/bin/../lib/gcc/arm-none-eabi/10.2.0/../../../../arm-none-eabi/lib/thumb/v7e-m+fp/hard\libc_nano.a(lib_a-nano-svfprintf.o)
                0x004042a2                __ssprint_r
 .text._svfprintf_r
                0x00404398      0x200 e:/s32ds/s32ds/build_tools/gcc_v10.2/gcc-10.2-arm32-eabi/bin/../lib/gcc/arm-none-eabi/10.2.0/../../../../arm-none-eabi/lib/thumb/v7e-m+fp/hard\libc_nano.a(lib_a-nano-svfprintf.o)
                0x00404398                _svfiprintf_r
                0x00404398                _svfprintf_r
 .text._printf_common
                0x00404598       0xda e:/s32ds/s32ds/build_tools/gcc_v10.2/gcc-10.2-arm32-eabi/bin/../lib/gcc/arm-none-eabi/10.2.0/../../../../arm-none-eabi/lib/thumb/v7e-m+fp/hard\libc_nano.a(lib_a-nano-vfprintf_i.o)
                0x00404598                _printf_common
 *fill*         0x00404672        0x2 
 .text._printf_i
                0x00404674      0x24c e:/s32ds/s32ds/build_tools/gcc_v10.2/gcc-10.2-arm32-eabi/bin/../lib/gcc/arm-none-eabi/10.2.0/../../../../arm-none-eabi/lib/thumb/v7e-m+fp/hard\libc_nano.a(lib_a-nano-vfprintf_i.o)
                0x00404674                _printf_i
 .text.cleanup_glue
                0x004048c0       0x1a e:/s32ds/s32ds/build_tools/gcc_v10.2/gcc-10.2-arm32-eabi/bin/../lib/gcc/arm-none-eabi/10.2.0/../../../../arm-none-eabi/lib/thumb/v7e-m+fp/hard\libc_nano.a(lib_a-reent.o)
                0x004048c0                cleanup_glue
 *fill*         0x004048da        0x2 
 .text._reclaim_reent
                0x004048dc       0xb8 e:/s32ds/s32ds/build_tools/gcc_v10.2/gcc-10.2-arm32-eabi/bin/../lib/gcc/arm-none-eabi/10.2.0/../../../../arm-none-eabi/lib/thumb/v7e-m+fp/hard\libc_nano.a(lib_a-reent.o)
                0x004048dc                _reclaim_reent
 .text._init_signal_r
                0x00404994       0x28 e:/s32ds/s32ds/build_tools/gcc_v10.2/gcc-10.2-arm32-eabi/bin/../lib/gcc/arm-none-eabi/10.2.0/../../../../arm-none-eabi/lib/thumb/v7e-m+fp/hard\libc_nano.a(lib_a-signal.o)
                0x00404994                _init_signal_r
 .text._signal_r
                0x004049bc       0x30 e:/s32ds/s32ds/build_tools/gcc_v10.2/gcc-10.2-arm32-eabi/bin/../lib/gcc/arm-none-eabi/10.2.0/../../../../arm-none-eabi/lib/thumb/v7e-m+fp/hard\libc_nano.a(lib_a-signal.o)
                0x004049bc                _signal_r
 .text._raise_r
                0x004049ec       0x50 e:/s32ds/s32ds/build_tools/gcc_v10.2/gcc-10.2-arm32-eabi/bin/../lib/gcc/arm-none-eabi/10.2.0/../../../../arm-none-eabi/lib/thumb/v7e-m+fp/hard\libc_nano.a(lib_a-signal.o)
                0x004049ec                _raise_r
 .text.__sigtramp_r
                0x00404a3c       0x48 e:/s32ds/s32ds/build_tools/gcc_v10.2/gcc-10.2-arm32-eabi/bin/../lib/gcc/arm-none-eabi/10.2.0/../../../../arm-none-eabi/lib/thumb/v7e-m+fp/hard\libc_nano.a(lib_a-signal.o)
                0x00404a3c                __sigtramp_r
 .text.raise    0x00404a84       0x10 e:/s32ds/s32ds/build_tools/gcc_v10.2/gcc-10.2-arm32-eabi/bin/../lib/gcc/arm-none-eabi/10.2.0/../../../../arm-none-eabi/lib/thumb/v7e-m+fp/hard\libc_nano.a(lib_a-signal.o)
                0x00404a84                raise
 .text.signal   0x00404a94       0x10 e:/s32ds/s32ds/build_tools/gcc_v10.2/gcc-10.2-arm32-eabi/bin/../lib/gcc/arm-none-eabi/10.2.0/../../../../arm-none-eabi/lib/thumb/v7e-m+fp/hard\libc_nano.a(lib_a-signal.o)
                0x00404a94                signal
 .text._init_signal
                0x00404aa4        0xc e:/s32ds/s32ds/build_tools/gcc_v10.2/gcc-10.2-arm32-eabi/bin/../lib/gcc/arm-none-eabi/10.2.0/../../../../arm-none-eabi/lib/thumb/v7e-m+fp/hard\libc_nano.a(lib_a-signal.o)
                0x00404aa4                _init_signal
 .text.__sigtramp
                0x00404ab0       0x10 e:/s32ds/s32ds/build_tools/gcc_v10.2/gcc-10.2-arm32-eabi/bin/../lib/gcc/arm-none-eabi/10.2.0/../../../../arm-none-eabi/lib/thumb/v7e-m+fp/hard\libc_nano.a(lib_a-signal.o)
                0x00404ab0                __sigtramp
 .text._kill_r  0x00404ac0       0x24 e:/s32ds/s32ds/build_tools/gcc_v10.2/gcc-10.2-arm32-eabi/bin/../lib/gcc/arm-none-eabi/10.2.0/../../../../arm-none-eabi/lib/thumb/v7e-m+fp/hard\libc_nano.a(lib_a-signalr.o)
                0x00404ac0                _kill_r
 .text._getpid_r
                0x00404ae4        0x4 e:/s32ds/s32ds/build_tools/gcc_v10.2/gcc-10.2-arm32-eabi/bin/../lib/gcc/arm-none-eabi/10.2.0/../../../../arm-none-eabi/lib/thumb/v7e-m+fp/hard\libc_nano.a(lib_a-signalr.o)
                0x00404ae4                _getpid_r
 .text.__sread  0x00404ae8       0x22 e:/s32ds/s32ds/build_tools/gcc_v10.2/gcc-10.2-arm32-eabi/bin/../lib/gcc/arm-none-eabi/10.2.0/../../../../arm-none-eabi/lib/thumb/v7e-m+fp/hard\libc_nano.a(lib_a-stdio.o)
                0x00404ae8                __sread
 .text.__seofread
                0x00404b0a        0x4 e:/s32ds/s32ds/build_tools/gcc_v10.2/gcc-10.2-arm32-eabi/bin/../lib/gcc/arm-none-eabi/10.2.0/../../../../arm-none-eabi/lib/thumb/v7e-m+fp/hard\libc_nano.a(lib_a-stdio.o)
                0x00404b0a                __seofread
 .text.__swrite
                0x00404b0e       0x38 e:/s32ds/s32ds/build_tools/gcc_v10.2/gcc-10.2-arm32-eabi/bin/../lib/gcc/arm-none-eabi/10.2.0/../../../../arm-none-eabi/lib/thumb/v7e-m+fp/hard\libc_nano.a(lib_a-stdio.o)
                0x00404b0e                __swrite
 .text.__sseek  0x00404b46       0x24 e:/s32ds/s32ds/build_tools/gcc_v10.2/gcc-10.2-arm32-eabi/bin/../lib/gcc/arm-none-eabi/10.2.0/../../../../arm-none-eabi/lib/thumb/v7e-m+fp/hard\libc_nano.a(lib_a-stdio.o)
                0x00404b46                __sseek
 .text.__sclose
                0x00404b6a        0x8 e:/s32ds/s32ds/build_tools/gcc_v10.2/gcc-10.2-arm32-eabi/bin/../lib/gcc/arm-none-eabi/10.2.0/../../../../arm-none-eabi/lib/thumb/v7e-m+fp/hard\libc_nano.a(lib_a-stdio.o)
                0x00404b6a                __sclose
 *fill*         0x00404b72        0x2 
 .text._write_r
                0x00404b74       0x24 e:/s32ds/s32ds/build_tools/gcc_v10.2/gcc-10.2-arm32-eabi/bin/../lib/gcc/arm-none-eabi/10.2.0/../../../../arm-none-eabi/lib/thumb/v7e-m+fp/hard\libc_nano.a(lib_a-writer.o)
                0x00404b74                _write_r
 .text._close_r
                0x00404b98       0x20 e:/s32ds/s32ds/build_tools/gcc_v10.2/gcc-10.2-arm32-eabi/bin/../lib/gcc/arm-none-eabi/10.2.0/../../../../arm-none-eabi/lib/thumb/v7e-m+fp/hard\libc_nano.a(lib_a-closer.o)
                0x00404b98                _close_r
 .text._fstat_r
                0x00404bb8       0x24 e:/s32ds/s32ds/build_tools/gcc_v10.2/gcc-10.2-arm32-eabi/bin/../lib/gcc/arm-none-eabi/10.2.0/../../../../arm-none-eabi/lib/thumb/v7e-m+fp/hard\libc_nano.a(lib_a-fstatr.o)
                0x00404bb8                _fstat_r
 .text._isatty_r
                0x00404bdc       0x20 e:/s32ds/s32ds/build_tools/gcc_v10.2/gcc-10.2-arm32-eabi/bin/../lib/gcc/arm-none-eabi/10.2.0/../../../../arm-none-eabi/lib/thumb/v7e-m+fp/hard\libc_nano.a(lib_a-isattyr.o)
                0x00404bdc                _isatty_r
 .text._lseek_r
                0x00404bfc       0x24 e:/s32ds/s32ds/build_tools/gcc_v10.2/gcc-10.2-arm32-eabi/bin/../lib/gcc/arm-none-eabi/10.2.0/../../../../arm-none-eabi/lib/thumb/v7e-m+fp/hard\libc_nano.a(lib_a-lseekr.o)
                0x00404bfc                _lseek_r
 .text._malloc_usable_size_r
                0x00404c20       0x10 e:/s32ds/s32ds/build_tools/gcc_v10.2/gcc-10.2-arm32-eabi/bin/../lib/gcc/arm-none-eabi/10.2.0/../../../../arm-none-eabi/lib/thumb/v7e-m+fp/hard\libc_nano.a(lib_a-nano-msizer.o)
                0x00404c20                _malloc_usable_size_r
 .text._read_r  0x00404c30       0x24 e:/s32ds/s32ds/build_tools/gcc_v10.2/gcc-10.2-arm32-eabi/bin/../lib/gcc/arm-none-eabi/10.2.0/../../../../arm-none-eabi/lib/thumb/v7e-m+fp/hard\libc_nano.a(lib_a-readr.o)
                0x00404c30                _read_r
 .text._close   0x00404c54       0x10 e:/s32ds/s32ds/build_tools/gcc_v10.2/gcc-10.2-arm32-eabi/bin/../lib/gcc/arm-none-eabi/10.2.0/../../../../arm-none-eabi/lib/thumb/v7e-m+fp/hard\libnosys.a(close.o)
                0x00404c54                _close
 .text._fstat   0x00404c64       0x10 e:/s32ds/s32ds/build_tools/gcc_v10.2/gcc-10.2-arm32-eabi/bin/../lib/gcc/arm-none-eabi/10.2.0/../../../../arm-none-eabi/lib/thumb/v7e-m+fp/hard\libnosys.a(fstat.o)
                0x00404c64                _fstat
 .text._getpid  0x00404c74       0x10 e:/s32ds/s32ds/build_tools/gcc_v10.2/gcc-10.2-arm32-eabi/bin/../lib/gcc/arm-none-eabi/10.2.0/../../../../arm-none-eabi/lib/thumb/v7e-m+fp/hard\libnosys.a(getpid.o)
                0x00404c74                _getpid
 .text._isatty  0x00404c84       0x10 e:/s32ds/s32ds/build_tools/gcc_v10.2/gcc-10.2-arm32-eabi/bin/../lib/gcc/arm-none-eabi/10.2.0/../../../../arm-none-eabi/lib/thumb/v7e-m+fp/hard\libnosys.a(isatty.o)
                0x00404c84                _isatty
 .text._kill    0x00404c94       0x10 e:/s32ds/s32ds/build_tools/gcc_v10.2/gcc-10.2-arm32-eabi/bin/../lib/gcc/arm-none-eabi/10.2.0/../../../../arm-none-eabi/lib/thumb/v7e-m+fp/hard\libnosys.a(kill.o)
                0x00404c94                _kill
 .text._lseek   0x00404ca4       0x10 e:/s32ds/s32ds/build_tools/gcc_v10.2/gcc-10.2-arm32-eabi/bin/../lib/gcc/arm-none-eabi/10.2.0/../../../../arm-none-eabi/lib/thumb/v7e-m+fp/hard\libnosys.a(lseek.o)
                0x00404ca4                _lseek
 .text._read    0x00404cb4       0x10 e:/s32ds/s32ds/build_tools/gcc_v10.2/gcc-10.2-arm32-eabi/bin/../lib/gcc/arm-none-eabi/10.2.0/../../../../arm-none-eabi/lib/thumb/v7e-m+fp/hard\libnosys.a(read.o)
                0x00404cb4                _read
 .text._write   0x00404cc4       0x10 e:/s32ds/s32ds/build_tools/gcc_v10.2/gcc-10.2-arm32-eabi/bin/../lib/gcc/arm-none-eabi/10.2.0/../../../../arm-none-eabi/lib/thumb/v7e-m+fp/hard\libnosys.a(write.o)
                0x00404cc4                _write
 .text._exit    0x00404cd4        0x2 e:/s32ds/s32ds/build_tools/gcc_v10.2/gcc-10.2-arm32-eabi/bin/../lib/gcc/arm-none-eabi/10.2.0/../../../../arm-none-eabi/lib/thumb/v7e-m+fp/hard\libnosys.a(_exit.o)
                0x00404cd4                _exit
                0x00404cd8                . = ALIGN (0x4)
 *fill*         0x00404cd6        0x2 
 *(.mcal_text)
 .mcal_text     0x00404cd8       0x14 ./Project_Settings/Startup_Code/exceptions.o
                0x00404cd8                NMI_Handler
                0x00404cda                HardFault_Handler
                0x00404cdc                MemManage_Handler
                0x00404cde                BusFault_Handler
                0x00404ce0                UsageFault_Handler
                0x00404ce2                SVC_Handler
                0x00404ce4                DebugMon_Handler
                0x00404ce6                PendSV_Handler
                0x00404ce8                SysTick_Handler
                0x00404cea                undefined_handler
 .mcal_text     0x00404cec       0x52 ./Project_Settings/Startup_Code/nvic.o
                0x00404cec                NVIC_SetPriorityGrouping
                0x00404d00                NVIC_EnableIRQ
                0x00404d18                NVIC_DisableIRQ
                0x00404d30                NVIC_SetPriority
 *fill*         0x00404d3e        0x2 
 .mcal_text     0x00404d40       0xe8 ./Project_Settings/Startup_Code/startup.o
                0x00404d40                init_data_bss
                0x00404dcc                init_data_bss_core2
 .mcal_text     0x00404e28      0x2f8 ./Project_Settings/Startup_Code/system.o
                0x00404e28                startup_go_to_user_mode
                0x00404e2a                default_interrupt_routine
                0x00404e2c                SystemInit
 .mcal_text     0x00405120       0x48 ./RTD/src/CDD_Rm.o
                0x00405120                Rm_Init
                0x00405148                Rm_GetVersionInfo
 .mcal_text     0x00405168        0x6 ./RTD/src/CDD_Rm_Ipw.o
                0x00405168                Rm_Ipw_Dma_Mux_Init
 *fill*         0x0040516e        0x2 
 .mcal_text     0x00405170      0x874 ./RTD/src/Clock_Ip.o
                0x00405172                Clock_Ip_InitClock
                0x00405704                Clock_Ip_GetPllStatus
                0x004057a8                Clock_Ip_DistributePll
                0x00405894                Clock_Ip_Init
                0x004058b8                Clock_Ip_DisableClockMonitor
                0x004058dc                Clock_Ip_InstallNotificationsCallback
                0x004058e8                Clock_Ip_DisableModuleClock
                0x00405910                Clock_Ip_EnableModuleClock
                0x00405938                Clock_Ip_GetClockFrequency
                0x0040593c                Clock_Ip_DisableFircInStandby
                0x00405954                Clock_Ip_EnableFircInStandby
                0x0040596c                Clock_Ip_DisableSircInStandby
                0x00405984                Clock_Ip_EnableSircInStandby
                0x0040599c                Clock_Ip_ReportClockErrors
                0x004059a8                Clock_Ip_StartTimeout
                0x004059c8                Clock_Ip_TimeoutExpired
 .mcal_text     0x004059e4      0x120 ./RTD/src/Clock_Ip_Divider.o
 .mcal_text     0x00405b04       0x9c ./RTD/src/Clock_Ip_DividerTrigger.o
 .mcal_text     0x00405ba0      0x1dc ./RTD/src/Clock_Ip_ExtOsc.o
 .mcal_text     0x00405d7c        0x6 ./RTD/src/Clock_Ip_FracDiv.o
 *fill*         0x00405d82        0x2 
 .mcal_text     0x00405d84     0x15d4 ./RTD/src/Clock_Ip_Frequency.o
                0x004072cc                Clock_Ip_Get_RTC_CLK_Frequency_TrustedCall
                0x0040730c                Clock_Ip_SetExternalOscillatorFrequency
                0x00407328                Clock_Ip_GetFreq
                0x00407334                Clock_Ip_SetExternalSignalFrequency
 .mcal_text     0x00407358      0x128 ./RTD/src/Clock_Ip_Gate.o
 .mcal_text     0x00407480      0x104 ./RTD/src/Clock_Ip_IntOsc.o
 .mcal_text     0x00407584        0x4 ./RTD/src/Clock_Ip_Irq.o
                0x00407584                Mcu_Cmu_ClockFail_IRQHandler
 .mcal_text     0x00407588      0x204 ./RTD/src/Clock_Ip_Monitor.o
                0x00407734                Clock_Ip_CMU_GetInterruptStatus
                0x00407748                Clock_Ip_CMU_ClockFailInt
 .mcal_text     0x0040778c      0x17c ./RTD/src/Clock_Ip_Pll.o
 .mcal_text     0x00407908      0x154 ./RTD/src/Clock_Ip_ProgFreqSwitch.o
 .mcal_text     0x00407a5c      0x3dc ./RTD/src/Clock_Ip_Selector.o
                0x00407e0c                Clock_Ip_SetRtcRtccClksel_TrustedCall
 .mcal_text     0x00407e38      0x2c4 ./RTD/src/Clock_Ip_Specific.o
                0x00407e38                Clock_Ip_McMeEnterKey
                0x00407e4c                Clock_Ip_PowerClockIpModules
                0x0040804c                DisableFircInStandbyMode
                0x0040805c                EnableFircInStandbyMode
                0x00408078                DisableSircInStandbyMode
                0x00408088                EnableSircInStandbyMode
                0x004080a4                Clock_Ip_Command
                0x004080f4                Clock_Ip_FLASH_SetFlashIWS
                0x004080f8                Clock_Ip_SetFlashWaitStates
 .mcal_text     0x004080fc       0xa4 ./RTD/src/Det.o
                0x004080fc                Det_Init
                0x004080fe                Det_ReportError
                0x00408134                Det_ReportRuntimeError
                0x00408168                Det_ReportTransientFault
                0x0040819c                Det_Start
 .mcal_text     0x004081a0      0x21c ./RTD/src/Det_stub.o
                0x004081a0                Det_TestLastReportError
                0x00408208                Det_TestLastReportRuntimeError
                0x00408270                Det_TestLastReportTransientFault
                0x004082d8                Det_TestNoError
                0x00408324                Det_TestNoRuntimeError
                0x00408370                Det_TestNoTransientFault
 .mcal_text     0x004083bc      0x984 ./RTD/src/Dma_Ip.o
                0x004085f8                Dma_Ip_ConvertLogicChToHwCh
                0x0040860c                Dma_Ip_SetLogicInstanceCommand
                0x00408638                Dma_Ip_GetLogicInstanceStatus
                0x00408650                Dma_Ip_LogicChannelInit
                0x00408814                Dma_Ip_Init
                0x00408880                Dma_Ip_LogicChannelDeinit
                0x004088f0                Dma_Ip_Deinit
                0x0040891c                Dma_Ip_SetLogicChannelCommand
                0x004089a8                Dma_Ip_GetLogicChannelStatus
                0x00408a0c                Dma_Ip_SetLogicChannelGlobalList
                0x00408aa0                Dma_Ip_SetLogicChannelTransferList
                0x00408b84                Dma_Ip_SetLogicChannelScatterGatherList
                0x00408c34                Dma_Ip_GetLogicChannelParam
                0x00408c5c                Dma_Ip_SetLogicChannelScatterGatherConfig
                0x00408ce8                Dma_Ip_IntIrqHandler
                0x00408cfe                Dma_Ip_ErrorIrqHandler
 .mcal_text     0x00408d40       0xf0 ./RTD/src/Dma_Ip_Driver_State.o
                0x00408db8                Dma_Ip_SetHwChannelState
                0x00408de8                Dma_Ip_GetHwChannelState
                0x00408e04                Dma_Ip_GetHwChannelStatePointer
                0x00408e1c                Dma_Ip_SetHwChannelStatePointer
 .mcal_text     0x00408e30      0x8d4 ./RTD/src/Dma_Ip_Hw_Access.o
                0x0040936c                HwAccDmaInst_SetConfig
                0x004093c8                HwAccDmaInst_SetCommand
                0x004093dc                HwAccDmaInst_GetStatus
                0x00409408                HwAccDmaCh_SetCommand
                0x00409428                HwAccDmaCh_GetStatus
                0x00409448                HwAccDmaCh_GetStatus_Error
                0x00409468                HwAccDmaCh_SetGlobalParam
                0x00409488                HwAccDmaCh_SetTransferParam
                0x004094a8                HwAccDmaCh_GetParam
                0x004094c8                HwAccDmaCh_LoadConfigIntoSoftwareTcd
                0x00409694                HwAccDmaCh_LoadSoftwareTcdIntoHardwareTcd
                0x004096e4                HwAccDmaCh_SetControl_ScatterGatherAddress
                0x004096ec                HwAccDmaCh_SetControl_EnScatterGatherProcessing
 .mcal_text     0x00409704       0xd4 ./RTD/src/Dma_Ip_Irq.o
                0x00409758                Dma0_Ch0_IRQHandler
                0x0040975c                Dma0_Ch1_IRQHandler
                0x00409760                Dma0_Ch2_IRQHandler
                0x00409764                Dma0_Ch3_IRQHandler
                0x00409768                Dma0_Ch4_IRQHandler
                0x0040976c                Dma0_Ch5_IRQHandler
                0x00409770                Dma0_Ch6_IRQHandler
                0x00409774                Dma0_Ch7_IRQHandler
                0x00409778                Dma0_Ch8_IRQHandler
                0x0040977c                Dma0_Ch9_IRQHandler
                0x00409780                Dma0_Ch10_IRQHandler
                0x00409784                Dma0_Ch11_IRQHandler
                0x00409788                Dma0_Ch12_IRQHandler
                0x0040978c                Dma0_Ch13_IRQHandler
                0x00409790                Dma0_Ch14_IRQHandler
                0x00409794                Dma0_Ch15_IRQHandler
                0x00409798                Dma0_Ch16_IRQHandler
                0x0040979c                Dma0_Ch17_IRQHandler
                0x004097a0                Dma0_Ch18_IRQHandler
                0x004097a4                Dma0_Ch19_IRQHandler
                0x004097a8                Dma0_Ch20_IRQHandler
                0x004097ac                Dma0_Ch21_IRQHandler
                0x004097b0                Dma0_Ch22_IRQHandler
                0x004097b4                Dma0_Ch23_IRQHandler
                0x004097b8                Dma0_Ch24_IRQHandler
                0x004097bc                Dma0_Ch25_IRQHandler
                0x004097c0                Dma0_Ch26_IRQHandler
                0x004097c4                Dma0_Ch27_IRQHandler
                0x004097c8                Dma0_Ch28_IRQHandler
                0x004097cc                Dma0_Ch29_IRQHandler
                0x004097d0                Dma0_Ch30_IRQHandler
                0x004097d4                Dma0_Ch31_IRQHandler
 .mcal_text     0x004097d8       0x34 ./RTD/src/Dma_Mux_Ip.o
                0x004097d8                Dma_Mux_Ip_Init_Privileged
                0x00409808                Dma_Mux_Ip_Init
 .mcal_text     0x0040980c      0x360 ./RTD/src/IntCtrl_Ip.o
                0x0040980c                IntCtrl_Ip_InstallHandlerPrivileged
                0x0040985c                IntCtrl_Ip_EnableIrqPrivileged
                0x0040988c                IntCtrl_Ip_DisableIrqPrivileged
                0x004098bc                IntCtrl_Ip_SetPriorityPrivileged
                0x004098f0                IntCtrl_Ip_GetPriorityPrivileged
                0x00409914                IntCtrl_Ip_ClearPendingPrivileged
                0x00409944                IntCtrl_Ip_SetPendingPrivileged
                0x00409974                IntCtrl_Ip_GetPendingPrivileged
                0x004099a4                IntCtrl_Ip_GetActivePrivileged
                0x004099d4                IntCtrl_Ip_ClearDirectedCpuInterruptPrivileged
                0x00409a08                IntCtrl_Ip_GetDirectedCpuInterruptPrivileged
                0x00409a40                IntCtrl_Ip_GenerateDirectedCpuInterruptPrivileged
                0x00409ab0                IntCtrl_Ip_Init
                0x00409b1c                IntCtrl_Ip_InstallHandler
                0x00409b20                IntCtrl_Ip_EnableIrq
                0x00409b24                IntCtrl_Ip_DisableIrq
                0x00409b28                IntCtrl_Ip_SetPriority
                0x00409b2c                IntCtrl_Ip_GetPriority
                0x00409b30                IntCtrl_Ip_ClearPending
                0x00409b34                IntCtrl_Ip_SetPending
                0x00409b38                IntCtrl_Ip_GetPending
                0x00409b46                IntCtrl_Ip_GetActive
                0x00409b54                IntCtrl_Ip_ClearDirectedCpuInterrupt
                0x00409b58                IntCtrl_Ip_GetDirectedCpuInterrupt
                0x00409b66                IntCtrl_Ip_GenerateDirectedCpuInterrupt
 .mcal_text     0x00409b6c       0x7e ./RTD/src/Lin_Ip_Common.o
                0x00409b6c                Lin_Ip_ProcessParity
                0x00409bb6                Lin_Ip_MakeChecksumByte
 *fill*         0x00409bea        0x2 
 .mcal_text     0x00409bec     0x1028 ./RTD/src/Lpspi_Ip.o
                0x00409efe                Lpspi_Ip_IrqTxDmaHandler
                0x00409fbc                Lpspi_Ip_IrqRxDmaHandler
                0x0040a07c                Lpspi_Ip_DeInit
                0x0040a0c8                Lpspi_Ip_SyncTransmit
                0x0040a33c                Lpspi_Ip_AsyncTransmit
                0x0040a7e4                Lpspi_Ip_ManageBuffers
                0x0040a884                Lpspi_Ip_UpdateFrameSize
                0x0040a8d0                Lpspi_Ip_UpdateLsb
                0x0040a904                Lpspi_Ip_UpdateDefaultTransmitData
                0x0040a938                Lpspi_Ip_UpdateTransferMode
                0x0040a998                Lpspi_Ip_Init
                0x0040ab40                Lpspi_Ip_Cancel
                0x0040abc0                Lpspi_Ip_IrqHandler
                0x0040abf4                Lpspi_Ip_GetStatus
 .mcal_text     0x0040ac14       0x12 ./RTD/src/Lpspi_Ip_Irq.o
                0x0040ac14                Lpspi_Ip_LPSPI_2_IRQHandler
                0x0040ac1a                Lpspi_Ip_LPSPI_2_IrqTxDmaHandler
                0x0040ac20                Lpspi_Ip_LPSPI_2_IrqRxDmaHandler
 *fill*         0x0040ac26        0x2 
 .mcal_text     0x0040ac28      0x8f0 ./RTD/src/Lpuart_Lin_Ip.o
                0x0040ac4a                Lpuart_Lin_Ip_Init
                0x0040ad88                Lpuart_Lin_Ip_Deinit
                0x0040ae14                Lpuart_Lin_Ip_GoToSleepMode
                0x0040ae6c                Lpuart_Lin_Ip_SendWakeupSignal
                0x0040aea4                Lpuart_Lin_Ip_GoToIdleState
                0x0040af0c                Lpuart_Lin_Ip_SendFrame
                0x0040b058                Lpuart_Lin_Ip_GetStatus
                0x0040b11c                Lpuart_Lin_Ip_AbortTransferData
                0x0040b220                Lpuart_Lin_Ip_IRQHandler
 .mcal_text     0x0040b518      0x2c0 ./RTD/src/Lpuart_Lin_Ip_Hw_Access.o
                0x0040b518                Lpuart_Lin_Ip_HwInit
                0x0040b530                Lpuart_Lin_Ip_HwSetBitCountPerChar
                0x0040b568                Lpuart_Lin_Ip_HwSetParityMode
                0x0040b596                Lpuart_Lin_Ip_HwSetIntMode
                0x0040b5da                Lpuart_Lin_Ip_HwGetIntMode
                0x0040b5fe                Lpuart_Lin_Ip_HwGetStatusFlag
                0x0040b622                Lpuart_Lin_Ip_HwClearStatusFlag
                0x0040b6e6                Lpuart_Lin_Ip_StartTimeout
                0x0040b706                Lpuart_Lin_Ip_TimeoutExpired
                0x0040b722                Lpuart_Lin_Ip_HwSetTransmitterCmd
                0x0040b77c                Lpuart_Lin_Ip_HwSetReceiverCmd
 .mcal_text     0x0040b7d8        0x6 ./RTD/src/Lpuart_Lin_Ip_Irq.o
                0x0040b7d8                LPUART0_LIN_IP_RxTx_IRQHandler
 .mcal_text     0x0040b7de       0x1e ./RTD/src/OsIf_Timer.o
                0x0040b7de                OsIf_Init
                0x0040b7e6                OsIf_GetCounter
                0x0040b7ea                OsIf_GetElapsed
                0x0040b7f2                OsIf_SetTimerFrequency
                0x0040b7f4                OsIf_MicrosToTicks
 .mcal_text     0x0040b7fc       0x42 ./RTD/src/OsIf_Timer_System_Internal_Systick.o
                0x0040b7fc                OsIf_Timer_System_Internal_Init
                0x0040b812                OsIf_Timer_System_Internal_GetCounter
                0x0040b81e                OsIf_Timer_System_Internal_GetElapsed
 *fill*         0x0040b83e        0x2 
 .mcal_text     0x0040b840      0x314 ./RTD/src/Pit_Ip.o
                0x0040b85c                Pit_Ip_GetLoadValue
                0x0040b870                Pit_Ip_Init
                0x0040b89c                Pit_Ip_InitChannel
                0x0040b90c                Pit_Ip_Deinit
                0x0040b970                Pit_Ip_StartChannel
                0x0040b9b0                Pit_Ip_StopChannel
                0x0040b9e4                Pit_Ip_GetCurrentTimer
                0x0040b9fc                Pit_Ip_EnableChannelInterrupt
                0x0040ba2c                Pit_Ip_DisableChannelInterrupt
                0x0040ba60                Pit_Ip_SetLifetimeTimer
                0x0040bacc                Pit_Ip_GetLifetimeTimer
                0x0040bae0                PIT_0_ISR
 .mcal_text     0x0040bb54       0xc8 ./RTD/src/SchM_Dio.o
                0x0040bb54                SchM_Enter_Dio_DIO_EXCLUSIVE_AREA_00
                0x0040bb88                SchM_Exit_Dio_DIO_EXCLUSIVE_AREA_00
                0x0040bbb8                SchM_Enter_Dio_DIO_EXCLUSIVE_AREA_01
                0x0040bbec                SchM_Exit_Dio_DIO_EXCLUSIVE_AREA_01
 .mcal_text     0x0040bc1c     0x157c ./RTD/src/SchM_Gpt.o
                0x0040bc1c                SchM_Enter_Gpt_GPT_EXCLUSIVE_AREA_00
                0x0040bc50                SchM_Exit_Gpt_GPT_EXCLUSIVE_AREA_00
                0x0040bc80                SchM_Enter_Gpt_GPT_EXCLUSIVE_AREA_01
                0x0040bcb4                SchM_Exit_Gpt_GPT_EXCLUSIVE_AREA_01
                0x0040bce4                SchM_Enter_Gpt_GPT_EXCLUSIVE_AREA_02
                0x0040bd18                SchM_Exit_Gpt_GPT_EXCLUSIVE_AREA_02
                0x0040bd48                SchM_Enter_Gpt_GPT_EXCLUSIVE_AREA_03
                0x0040bd7c                SchM_Exit_Gpt_GPT_EXCLUSIVE_AREA_03
                0x0040bdac                SchM_Enter_Gpt_GPT_EXCLUSIVE_AREA_04
                0x0040bde0                SchM_Exit_Gpt_GPT_EXCLUSIVE_AREA_04
                0x0040be10                SchM_Enter_Gpt_GPT_EXCLUSIVE_AREA_05
                0x0040be44                SchM_Exit_Gpt_GPT_EXCLUSIVE_AREA_05
                0x0040be74                SchM_Enter_Gpt_GPT_EXCLUSIVE_AREA_06
                0x0040bea8                SchM_Exit_Gpt_GPT_EXCLUSIVE_AREA_06
                0x0040bed8                SchM_Enter_Gpt_GPT_EXCLUSIVE_AREA_07
                0x0040bf0c                SchM_Exit_Gpt_GPT_EXCLUSIVE_AREA_07
                0x0040bf3c                SchM_Enter_Gpt_GPT_EXCLUSIVE_AREA_10
                0x0040bf70                SchM_Exit_Gpt_GPT_EXCLUSIVE_AREA_10
                0x0040bfa0                SchM_Enter_Gpt_GPT_EXCLUSIVE_AREA_11
                0x0040bfd4                SchM_Exit_Gpt_GPT_EXCLUSIVE_AREA_11
                0x0040c004                SchM_Enter_Gpt_GPT_EXCLUSIVE_AREA_12
                0x0040c038                SchM_Exit_Gpt_GPT_EXCLUSIVE_AREA_12
                0x0040c068                SchM_Enter_Gpt_GPT_EXCLUSIVE_AREA_17
                0x0040c09c                SchM_Exit_Gpt_GPT_EXCLUSIVE_AREA_17
                0x0040c0cc                SchM_Enter_Gpt_GPT_EXCLUSIVE_AREA_21
                0x0040c100                SchM_Exit_Gpt_GPT_EXCLUSIVE_AREA_21
                0x0040c130                SchM_Enter_Gpt_GPT_EXCLUSIVE_AREA_22
                0x0040c164                SchM_Exit_Gpt_GPT_EXCLUSIVE_AREA_22
                0x0040c194                SchM_Enter_Gpt_GPT_EXCLUSIVE_AREA_23
                0x0040c1c8                SchM_Exit_Gpt_GPT_EXCLUSIVE_AREA_23
                0x0040c1f8                SchM_Enter_Gpt_GPT_EXCLUSIVE_AREA_24
                0x0040c22c                SchM_Exit_Gpt_GPT_EXCLUSIVE_AREA_24
                0x0040c25c                SchM_Enter_Gpt_GPT_EXCLUSIVE_AREA_25
                0x0040c290                SchM_Exit_Gpt_GPT_EXCLUSIVE_AREA_25
                0x0040c2c0                SchM_Enter_Gpt_GPT_EXCLUSIVE_AREA_26
                0x0040c2f4                SchM_Exit_Gpt_GPT_EXCLUSIVE_AREA_26
                0x0040c324                SchM_Enter_Gpt_GPT_EXCLUSIVE_AREA_27
                0x0040c358                SchM_Exit_Gpt_GPT_EXCLUSIVE_AREA_27
                0x0040c388                SchM_Enter_Gpt_GPT_EXCLUSIVE_AREA_28
                0x0040c3bc                SchM_Exit_Gpt_GPT_EXCLUSIVE_AREA_28
                0x0040c3ec                SchM_Enter_Gpt_GPT_EXCLUSIVE_AREA_29
                0x0040c420                SchM_Exit_Gpt_GPT_EXCLUSIVE_AREA_29
                0x0040c450                SchM_Enter_Gpt_GPT_EXCLUSIVE_AREA_30
                0x0040c484                SchM_Exit_Gpt_GPT_EXCLUSIVE_AREA_30
                0x0040c4b4                SchM_Enter_Gpt_GPT_EXCLUSIVE_AREA_31
                0x0040c4e8                SchM_Exit_Gpt_GPT_EXCLUSIVE_AREA_31
                0x0040c518                SchM_Enter_Gpt_GPT_EXCLUSIVE_AREA_35
                0x0040c54c                SchM_Exit_Gpt_GPT_EXCLUSIVE_AREA_35
                0x0040c57c                SchM_Enter_Gpt_GPT_EXCLUSIVE_AREA_36
                0x0040c5b0                SchM_Exit_Gpt_GPT_EXCLUSIVE_AREA_36
                0x0040c5e0                SchM_Enter_Gpt_GPT_EXCLUSIVE_AREA_38
                0x0040c614                SchM_Exit_Gpt_GPT_EXCLUSIVE_AREA_38
                0x0040c644                SchM_Enter_Gpt_GPT_EXCLUSIVE_AREA_39
                0x0040c678                SchM_Exit_Gpt_GPT_EXCLUSIVE_AREA_39
                0x0040c6a8                SchM_Enter_Gpt_GPT_EXCLUSIVE_AREA_40
                0x0040c6dc                SchM_Exit_Gpt_GPT_EXCLUSIVE_AREA_40
                0x0040c70c                SchM_Enter_Gpt_GPT_EXCLUSIVE_AREA_41
                0x0040c740                SchM_Exit_Gpt_GPT_EXCLUSIVE_AREA_41
                0x0040c770                SchM_Enter_Gpt_GPT_EXCLUSIVE_AREA_42
                0x0040c7a4                SchM_Exit_Gpt_GPT_EXCLUSIVE_AREA_42
                0x0040c7d4                SchM_Enter_Gpt_GPT_EXCLUSIVE_AREA_43
                0x0040c808                SchM_Exit_Gpt_GPT_EXCLUSIVE_AREA_43
                0x0040c838                SchM_Enter_Gpt_GPT_EXCLUSIVE_AREA_44
                0x0040c86c                SchM_Exit_Gpt_GPT_EXCLUSIVE_AREA_44
                0x0040c89c                SchM_Enter_Gpt_GPT_EXCLUSIVE_AREA_45
                0x0040c8d0                SchM_Exit_Gpt_GPT_EXCLUSIVE_AREA_45
                0x0040c900                SchM_Enter_Gpt_GPT_EXCLUSIVE_AREA_46
                0x0040c934                SchM_Exit_Gpt_GPT_EXCLUSIVE_AREA_46
                0x0040c964                SchM_Enter_Gpt_GPT_EXCLUSIVE_AREA_50
                0x0040c998                SchM_Exit_Gpt_GPT_EXCLUSIVE_AREA_50
                0x0040c9c8                SchM_Enter_Gpt_GPT_EXCLUSIVE_AREA_51
                0x0040c9fc                SchM_Exit_Gpt_GPT_EXCLUSIVE_AREA_51
                0x0040ca2c                SchM_Enter_Gpt_GPT_EXCLUSIVE_AREA_52
                0x0040ca60                SchM_Exit_Gpt_GPT_EXCLUSIVE_AREA_52
                0x0040ca90                SchM_Enter_Gpt_GPT_EXCLUSIVE_AREA_53
                0x0040cac4                SchM_Exit_Gpt_GPT_EXCLUSIVE_AREA_53
                0x0040caf4                SchM_Enter_Gpt_GPT_EXCLUSIVE_AREA_54
                0x0040cb28                SchM_Exit_Gpt_GPT_EXCLUSIVE_AREA_54
                0x0040cb58                SchM_Enter_Gpt_GPT_EXCLUSIVE_AREA_55
                0x0040cb8c                SchM_Exit_Gpt_GPT_EXCLUSIVE_AREA_55
                0x0040cbbc                SchM_Enter_Gpt_GPT_EXCLUSIVE_AREA_56
                0x0040cbf0                SchM_Exit_Gpt_GPT_EXCLUSIVE_AREA_56
                0x0040cc20                SchM_Enter_Gpt_GPT_EXCLUSIVE_AREA_60
                0x0040cc54                SchM_Exit_Gpt_GPT_EXCLUSIVE_AREA_60
                0x0040cc84                SchM_Enter_Gpt_GPT_EXCLUSIVE_AREA_61
                0x0040ccb8                SchM_Exit_Gpt_GPT_EXCLUSIVE_AREA_61
                0x0040cce8                SchM_Enter_Gpt_GPT_EXCLUSIVE_AREA_62
                0x0040cd1c                SchM_Exit_Gpt_GPT_EXCLUSIVE_AREA_62
                0x0040cd4c                SchM_Enter_Gpt_GPT_EXCLUSIVE_AREA_63
                0x0040cd80                SchM_Exit_Gpt_GPT_EXCLUSIVE_AREA_63
                0x0040cdb0                SchM_Enter_Gpt_GPT_EXCLUSIVE_AREA_64
                0x0040cde4                SchM_Exit_Gpt_GPT_EXCLUSIVE_AREA_64
                0x0040ce14                SchM_Enter_Gpt_GPT_EXCLUSIVE_AREA_65
                0x0040ce48                SchM_Exit_Gpt_GPT_EXCLUSIVE_AREA_65
                0x0040ce78                SchM_Enter_Gpt_GPT_EXCLUSIVE_AREA_66
                0x0040ceac                SchM_Exit_Gpt_GPT_EXCLUSIVE_AREA_66
                0x0040cedc                SchM_Enter_Gpt_GPT_EXCLUSIVE_AREA_67
                0x0040cf10                SchM_Exit_Gpt_GPT_EXCLUSIVE_AREA_67
                0x0040cf40                SchM_Enter_Gpt_GPT_EXCLUSIVE_AREA_68
                0x0040cf74                SchM_Exit_Gpt_GPT_EXCLUSIVE_AREA_68
                0x0040cfa4                SchM_Enter_Gpt_GPT_EXCLUSIVE_AREA_69
                0x0040cfd8                SchM_Exit_Gpt_GPT_EXCLUSIVE_AREA_69
                0x0040d008                SchM_Enter_Gpt_GPT_EXCLUSIVE_AREA_70
                0x0040d03c                SchM_Exit_Gpt_GPT_EXCLUSIVE_AREA_70
                0x0040d06c                SchM_Enter_Gpt_GPT_EXCLUSIVE_AREA_71
                0x0040d0a0                SchM_Exit_Gpt_GPT_EXCLUSIVE_AREA_71
                0x0040d0d0                SchM_Enter_Gpt_GPT_EXCLUSIVE_AREA_72
                0x0040d104                SchM_Exit_Gpt_GPT_EXCLUSIVE_AREA_72
                0x0040d134                SchM_Enter_Gpt_GPT_EXCLUSIVE_AREA_73
                0x0040d168                SchM_Exit_Gpt_GPT_EXCLUSIVE_AREA_73
 .mcal_text     0x0040d198      0x708 ./RTD/src/SchM_Lin_43_LPUART_FLEXIO.o
                0x0040d198                SchM_Enter_Lin_43_LPUART_FLEXIO_LIN_EXCLUSIVE_AREA_08
                0x0040d1cc                SchM_Exit_Lin_43_LPUART_FLEXIO_LIN_EXCLUSIVE_AREA_08
                0x0040d1fc                SchM_Enter_Lin_43_LPUART_FLEXIO_LIN_EXCLUSIVE_AREA_09
                0x0040d230                SchM_Exit_Lin_43_LPUART_FLEXIO_LIN_EXCLUSIVE_AREA_09
                0x0040d260                SchM_Enter_Lin_43_LPUART_FLEXIO_LIN_EXCLUSIVE_AREA_10
                0x0040d294                SchM_Exit_Lin_43_LPUART_FLEXIO_LIN_EXCLUSIVE_AREA_10
                0x0040d2c4                SchM_Enter_Lin_43_LPUART_FLEXIO_LIN_EXCLUSIVE_AREA_11
                0x0040d2f8                SchM_Exit_Lin_43_LPUART_FLEXIO_LIN_EXCLUSIVE_AREA_11
                0x0040d328                SchM_Enter_Lin_43_LPUART_FLEXIO_LIN_EXCLUSIVE_AREA_13
                0x0040d35c                SchM_Exit_Lin_43_LPUART_FLEXIO_LIN_EXCLUSIVE_AREA_13
                0x0040d38c                SchM_Enter_Lin_43_LPUART_FLEXIO_LIN_EXCLUSIVE_AREA_15
                0x0040d3c0                SchM_Exit_Lin_43_LPUART_FLEXIO_LIN_EXCLUSIVE_AREA_15
                0x0040d3f0                SchM_Enter_Lin_43_LPUART_FLEXIO_LIN_EXCLUSIVE_AREA_16
                0x0040d424                SchM_Exit_Lin_43_LPUART_FLEXIO_LIN_EXCLUSIVE_AREA_16
                0x0040d454                SchM_Enter_Lin_43_LPUART_FLEXIO_LIN_EXCLUSIVE_AREA_17
                0x0040d488                SchM_Exit_Lin_43_LPUART_FLEXIO_LIN_EXCLUSIVE_AREA_17
                0x0040d4b8                SchM_Enter_Lin_43_LPUART_FLEXIO_LIN_EXCLUSIVE_AREA_18
                0x0040d4ec                SchM_Exit_Lin_43_LPUART_FLEXIO_LIN_EXCLUSIVE_AREA_18
                0x0040d51c                SchM_Enter_Lin_43_LPUART_FLEXIO_LIN_EXCLUSIVE_AREA_19
                0x0040d550                SchM_Exit_Lin_43_LPUART_FLEXIO_LIN_EXCLUSIVE_AREA_19
                0x0040d580                SchM_Enter_Lin_43_LPUART_FLEXIO_LIN_EXCLUSIVE_AREA_20
                0x0040d5b4                SchM_Exit_Lin_43_LPUART_FLEXIO_LIN_EXCLUSIVE_AREA_20
                0x0040d5e4                SchM_Enter_Lin_43_LPUART_FLEXIO_LIN_EXCLUSIVE_AREA_21
                0x0040d618                SchM_Exit_Lin_43_LPUART_FLEXIO_LIN_EXCLUSIVE_AREA_21
                0x0040d648                SchM_Enter_Lin_43_LPUART_FLEXIO_LIN_EXCLUSIVE_AREA_22
                0x0040d67c                SchM_Exit_Lin_43_LPUART_FLEXIO_LIN_EXCLUSIVE_AREA_22
                0x0040d6ac                SchM_Enter_Lin_43_LPUART_FLEXIO_LIN_EXCLUSIVE_AREA_23
                0x0040d6e0                SchM_Exit_Lin_43_LPUART_FLEXIO_LIN_EXCLUSIVE_AREA_23
                0x0040d710                SchM_Enter_Lin_43_LPUART_FLEXIO_LIN_EXCLUSIVE_AREA_24
                0x0040d744                SchM_Exit_Lin_43_LPUART_FLEXIO_LIN_EXCLUSIVE_AREA_24
                0x0040d774                SchM_Enter_Lin_43_LPUART_FLEXIO_LIN_EXCLUSIVE_AREA_25
                0x0040d7a8                SchM_Exit_Lin_43_LPUART_FLEXIO_LIN_EXCLUSIVE_AREA_25
                0x0040d7d8                SchM_Enter_Lin_43_LPUART_FLEXIO_LIN_EXCLUSIVE_AREA_26
                0x0040d80c                SchM_Exit_Lin_43_LPUART_FLEXIO_LIN_EXCLUSIVE_AREA_26
                0x0040d83c                SchM_Enter_Lin_43_LPUART_FLEXIO_LIN_EXCLUSIVE_AREA_27
                0x0040d870                SchM_Exit_Lin_43_LPUART_FLEXIO_LIN_EXCLUSIVE_AREA_27
 .mcal_text     0x0040d8a0     0x125c ./RTD/src/SchM_Mcl.o
                0x0040d8a0                SchM_Enter_Mcl_MCL_EXCLUSIVE_AREA_00
                0x0040d8d4                SchM_Exit_Mcl_MCL_EXCLUSIVE_AREA_00
                0x0040d904                SchM_Enter_Mcl_MCL_EXCLUSIVE_AREA_01
                0x0040d938                SchM_Exit_Mcl_MCL_EXCLUSIVE_AREA_01
                0x0040d968                SchM_Enter_Mcl_MCL_EXCLUSIVE_AREA_02
                0x0040d99c                SchM_Exit_Mcl_MCL_EXCLUSIVE_AREA_02
                0x0040d9cc                SchM_Enter_Mcl_MCL_EXCLUSIVE_AREA_03
                0x0040da00                SchM_Exit_Mcl_MCL_EXCLUSIVE_AREA_03
                0x0040da30                SchM_Enter_Mcl_MCL_EXCLUSIVE_AREA_04
                0x0040da64                SchM_Exit_Mcl_MCL_EXCLUSIVE_AREA_04
                0x0040da94                SchM_Enter_Mcl_MCL_EXCLUSIVE_AREA_05
                0x0040dac8                SchM_Exit_Mcl_MCL_EXCLUSIVE_AREA_05
                0x0040daf8                SchM_Enter_Mcl_MCL_EXCLUSIVE_AREA_06
                0x0040db2c                SchM_Exit_Mcl_MCL_EXCLUSIVE_AREA_06
                0x0040db5c                SchM_Enter_Mcl_MCL_EXCLUSIVE_AREA_07
                0x0040db90                SchM_Exit_Mcl_MCL_EXCLUSIVE_AREA_07
                0x0040dbc0                SchM_Enter_Mcl_MCL_EXCLUSIVE_AREA_08
                0x0040dbf4                SchM_Exit_Mcl_MCL_EXCLUSIVE_AREA_08
                0x0040dc24                SchM_Enter_Mcl_MCL_EXCLUSIVE_AREA_09
                0x0040dc58                SchM_Exit_Mcl_MCL_EXCLUSIVE_AREA_09
                0x0040dc88                SchM_Enter_Mcl_MCL_EXCLUSIVE_AREA_10
                0x0040dcbc                SchM_Exit_Mcl_MCL_EXCLUSIVE_AREA_10
                0x0040dcec                SchM_Enter_Mcl_MCL_EXCLUSIVE_AREA_11
                0x0040dd20                SchM_Exit_Mcl_MCL_EXCLUSIVE_AREA_11
                0x0040dd50                SchM_Enter_Mcl_MCL_EXCLUSIVE_AREA_12
                0x0040dd84                SchM_Exit_Mcl_MCL_EXCLUSIVE_AREA_12
                0x0040ddb4                SchM_Enter_Mcl_MCL_EXCLUSIVE_AREA_13
                0x0040dde8                SchM_Exit_Mcl_MCL_EXCLUSIVE_AREA_13
                0x0040de18                SchM_Enter_Mcl_MCL_EXCLUSIVE_AREA_14
                0x0040de4c                SchM_Exit_Mcl_MCL_EXCLUSIVE_AREA_14
                0x0040de7c                SchM_Enter_Mcl_MCL_EXCLUSIVE_AREA_15
                0x0040deb0                SchM_Exit_Mcl_MCL_EXCLUSIVE_AREA_15
                0x0040dee0                SchM_Enter_Mcl_MCL_EXCLUSIVE_AREA_16
                0x0040df14                SchM_Exit_Mcl_MCL_EXCLUSIVE_AREA_16
                0x0040df44                SchM_Enter_Mcl_MCL_EXCLUSIVE_AREA_17
                0x0040df78                SchM_Exit_Mcl_MCL_EXCLUSIVE_AREA_17
                0x0040dfa8                SchM_Enter_Mcl_MCL_EXCLUSIVE_AREA_18
                0x0040dfdc                SchM_Exit_Mcl_MCL_EXCLUSIVE_AREA_18
                0x0040e00c                SchM_Enter_Mcl_MCL_EXCLUSIVE_AREA_19
                0x0040e040                SchM_Exit_Mcl_MCL_EXCLUSIVE_AREA_19
                0x0040e070                SchM_Enter_Mcl_MCL_EXCLUSIVE_AREA_20
                0x0040e0a4                SchM_Exit_Mcl_MCL_EXCLUSIVE_AREA_20
                0x0040e0d4                SchM_Enter_Mcl_MCL_EXCLUSIVE_AREA_21
                0x0040e108                SchM_Exit_Mcl_MCL_EXCLUSIVE_AREA_21